2025-09-24T08:06:12+00:00 NOTICE Start search for màu CONTEXT: {"_legacy":true}
2025-09-24T08:06:12+00:00 NOTICE Execution time 0 0.011661 CONTEXT: {"_legacy":true}
2025-09-24T08:06:12+00:00 NOTICE Tokens Array
(
    [0] => màu
)
 CONTEXT: {"_legacy":true}
2025-09-24T08:06:12+00:00 NOTICE Execution time 1 0.025642 CONTEXT: {"_legacy":true}
2025-09-24T08:06:12+00:00 NOTICE Execution time 0.0423984 CONTEXT: {"_legacy":true}
2025-09-24T08:06:16+00:00 NOTICE Start search for Tạp dề làm vườn CONTEXT: {"_legacy":true}
2025-09-24T08:06:16+00:00 NOTICE Execution time 0 0.0043474 CONTEXT: {"_legacy":true}
2025-09-24T08:06:16+00:00 NOTICE Tokens Array
(
    [0] => vườn
    [1] => tạp
    [2] => dề
    [3] => làm
)
 CONTEXT: {"_legacy":true}
2025-09-24T08:06:16+00:00 NOTICE Execution time 1 0.0274733 CONTEXT: {"_legacy":true}
2025-09-24T08:06:16+00:00 NOTICE Execution time 0.0308394 CONTEXT: {"_legacy":true}
2025-09-24T08:06:21+00:00 NOTICE Start search for  CONTEXT: {"_legacy":true}
2025-09-24T08:06:21+00:00 NOTICE Execution time 0 0.0030838 CONTEXT: {"_legacy":true}
2025-09-24T08:06:21+00:00 NOTICE Tokens Array
(
)
 CONTEXT: {"_legacy":true}
2025-09-24T08:06:21+00:00 NOTICE Execution time 1 0.0041377 CONTEXT: {"_legacy":true}
2025-09-24T08:06:21+00:00 NOTICE Execution time 0.0046824 CONTEXT: {"_legacy":true}
2025-09-24T08:06:25+00:00 NOTICE Start search for cây CONTEXT: {"_legacy":true}
2025-09-24T08:06:25+00:00 NOTICE Execution time 0 0.0018097 CONTEXT: {"_legacy":true}
2025-09-24T08:06:25+00:00 NOTICE Tokens Array
(
    [0] => cây
)
 CONTEXT: {"_legacy":true}
2025-09-24T08:06:25+00:00 NOTICE Execution time 1 0.1031002 CONTEXT: {"_legacy":true}
2025-09-24T08:06:25+00:00 NOTICE Execution time 0.1232726 CONTEXT: {"_legacy":true}
2025-09-24T08:06:31+00:00 NOTICE Start search for Tạp dề làm vườn CONTEXT: {"_legacy":true}
2025-09-24T08:06:31+00:00 NOTICE Execution time 0 0.0137542 CONTEXT: {"_legacy":true}
2025-09-24T08:06:31+00:00 NOTICE Tokens Array
(
    [0] => vườn
    [1] => tạp
    [2] => dề
    [3] => làm
)
 CONTEXT: {"_legacy":true}
2025-09-24T08:06:31+00:00 NOTICE Execution time 1 0.0399145 CONTEXT: {"_legacy":true}
2025-09-24T08:06:31+00:00 NOTICE Execution time 0.0445828 CONTEXT: {"_legacy":true}
2025-09-24T08:06:43+00:00 NOTICE Start search for Tạp dề làm vườn CONTEXT: {"_legacy":true}
2025-09-24T08:06:43+00:00 NOTICE Execution time 0 0.0038763 CONTEXT: {"_legacy":true}
2025-09-24T08:06:43+00:00 NOTICE Tokens Array
(
    [0] => vườn
    [1] => tạp
    [2] => dề
    [3] => làm
)
 CONTEXT: {"_legacy":true}
2025-09-24T08:06:43+00:00 NOTICE Execution time 1 0.0205701 CONTEXT: {"_legacy":true}
2025-09-24T08:06:43+00:00 NOTICE Execution time 0.0236579 CONTEXT: {"_legacy":true}
2025-09-24T08:06:57+00:00 NOTICE Start search for cây CONTEXT: {"_legacy":true}
2025-09-24T08:06:57+00:00 NOTICE Execution time 0 0.0030192 CONTEXT: {"_legacy":true}
2025-09-24T08:06:57+00:00 NOTICE Tokens Array
(
    [0] => cây
)
 CONTEXT: {"_legacy":true}
2025-09-24T08:06:57+00:00 NOTICE Execution time 1 0.0967687 CONTEXT: {"_legacy":true}
2025-09-24T08:06:57+00:00 NOTICE Execution time 0.1100363 CONTEXT: {"_legacy":true}
2025-09-24T08:07:05+00:00 NOTICE Start search for cây CONTEXT: {"_legacy":true}
2025-09-24T08:07:05+00:00 NOTICE Execution time 0 0.0022214 CONTEXT: {"_legacy":true}
2025-09-24T08:07:05+00:00 NOTICE Tokens Array
(
    [0] => cây
)
 CONTEXT: {"_legacy":true}
2025-09-24T08:07:05+00:00 NOTICE Execution time 1 0.0913114 CONTEXT: {"_legacy":true}
2025-09-24T08:07:05+00:00 NOTICE Execution time 0.1045477 CONTEXT: {"_legacy":true}
2025-09-24T08:07:06+00:00 NOTICE Start search for cây CONTEXT: {"_legacy":true}
2025-09-24T08:07:06+00:00 NOTICE Execution time 0 0.002053 CONTEXT: {"_legacy":true}
2025-09-24T08:07:06+00:00 NOTICE Tokens Array
(
    [0] => cây
)
 CONTEXT: {"_legacy":true}
2025-09-24T08:07:06+00:00 NOTICE Execution time 1 0.0888294 CONTEXT: {"_legacy":true}
2025-09-24T08:07:06+00:00 NOTICE Execution time 0.1029546 CONTEXT: {"_legacy":true}
2025-09-24T08:07:11+00:00 NOTICE Start search for Tạp dề làm vườn CONTEXT: {"_legacy":true}
2025-09-24T08:07:11+00:00 NOTICE Execution time 0 0.0025113 CONTEXT: {"_legacy":true}
2025-09-24T08:07:11+00:00 NOTICE Tokens Array
(
    [0] => vườn
    [1] => tạp
    [2] => dề
    [3] => làm
)
 CONTEXT: {"_legacy":true}
2025-09-24T08:07:11+00:00 NOTICE Execution time 1 0.0186464 CONTEXT: {"_legacy":true}
2025-09-24T08:07:11+00:00 NOTICE Execution time 0.0220372 CONTEXT: {"_legacy":true}
2025-09-24T08:16:40+00:00 NOTICE Start search for Tạp dề làm vườn CONTEXT: {"_legacy":true}
2025-09-24T08:16:40+00:00 NOTICE Execution time 0 0.0026451 CONTEXT: {"_legacy":true}
2025-09-24T08:16:40+00:00 NOTICE Tokens Array
(
    [0] => vườn
    [1] => tạp
    [2] => dề
    [3] => làm
)
 CONTEXT: {"_legacy":true}
2025-09-24T08:16:40+00:00 NOTICE Execution time 1 0.0219615 CONTEXT: {"_legacy":true}
2025-09-24T08:16:40+00:00 NOTICE Execution time 0.0252668 CONTEXT: {"_legacy":true}
2025-09-24T11:32:53+00:00 NOTICE Start search for màu CONTEXT: {"_legacy":true}
2025-09-24T11:32:53+00:00 NOTICE Execution time 0 0.0112067 CONTEXT: {"_legacy":true}
2025-09-24T11:32:53+00:00 NOTICE Tokens Array
(
    [0] => màu
)
 CONTEXT: {"_legacy":true}
2025-09-24T11:32:53+00:00 NOTICE Execution time 1 0.0218982 CONTEXT: {"_legacy":true}
2025-09-24T11:32:53+00:00 NOTICE Execution time 0.0356233 CONTEXT: {"_legacy":true}
2025-09-24T11:32:58+00:00 NOTICE Start search for Tạp dề làm vườn CONTEXT: {"_legacy":true}
2025-09-24T11:32:58+00:00 NOTICE Execution time 0 0.0059183 CONTEXT: {"_legacy":true}
2025-09-24T11:32:58+00:00 NOTICE Tokens Array
(
    [0] => vườn
    [1] => tạp
    [2] => dề
    [3] => làm
)
 CONTEXT: {"_legacy":true}
2025-09-24T11:32:58+00:00 NOTICE Execution time 1 0.036594 CONTEXT: {"_legacy":true}
2025-09-24T11:32:58+00:00 NOTICE Execution time 0.040797 CONTEXT: {"_legacy":true}
2025-09-24T11:33:02+00:00 NOTICE Start search for  CONTEXT: {"_legacy":true}
2025-09-24T11:33:02+00:00 NOTICE Execution time 0 0.0028897 CONTEXT: {"_legacy":true}
2025-09-24T11:33:02+00:00 NOTICE Tokens Array
(
)
 CONTEXT: {"_legacy":true}
2025-09-24T11:33:02+00:00 NOTICE Execution time 1 0.0040631 CONTEXT: {"_legacy":true}
2025-09-24T11:33:02+00:00 NOTICE Execution time 0.004775 CONTEXT: {"_legacy":true}
2025-09-24T11:33:07+00:00 NOTICE Start search for cây CONTEXT: {"_legacy":true}
2025-09-24T11:33:07+00:00 NOTICE Execution time 0 0.0040111 CONTEXT: {"_legacy":true}
2025-09-24T11:33:07+00:00 NOTICE Tokens Array
(
    [0] => cây
)
 CONTEXT: {"_legacy":true}
2025-09-24T11:33:07+00:00 NOTICE Execution time 1 0.1985933 CONTEXT: {"_legacy":true}
2025-09-24T11:33:07+00:00 NOTICE Execution time 0.2334656 CONTEXT: {"_legacy":true}
2025-09-24T11:33:12+00:00 NOTICE Start search for Tạp dề làm vườn CONTEXT: {"_legacy":true}
2025-09-24T11:33:12+00:00 NOTICE Execution time 0 0.0044617 CONTEXT: {"_legacy":true}
2025-09-24T11:33:12+00:00 NOTICE Tokens Array
(
    [0] => vườn
    [1] => tạp
    [2] => dề
    [3] => làm
)
 CONTEXT: {"_legacy":true}
2025-09-24T11:33:12+00:00 NOTICE Execution time 1 0.0316604 CONTEXT: {"_legacy":true}
2025-09-24T11:33:12+00:00 NOTICE Execution time 0.0365775 CONTEXT: {"_legacy":true}
2025-09-24T11:33:22+00:00 NOTICE Start search for Tạp dề làm vườn CONTEXT: {"_legacy":true}
2025-09-24T11:33:22+00:00 NOTICE Execution time 0 0.0032166 CONTEXT: {"_legacy":true}
2025-09-24T11:33:22+00:00 NOTICE Tokens Array
(
    [0] => vườn
    [1] => tạp
    [2] => dề
    [3] => làm
)
 CONTEXT: {"_legacy":true}
2025-09-24T11:33:22+00:00 NOTICE Execution time 1 0.0230988 CONTEXT: {"_legacy":true}
2025-09-24T11:33:22+00:00 NOTICE Execution time 0.0315685 CONTEXT: {"_legacy":true}
2025-09-24T11:33:31+00:00 NOTICE Start search for cây CONTEXT: {"_legacy":true}
2025-09-24T11:33:31+00:00 NOTICE Execution time 0 0.0053801 CONTEXT: {"_legacy":true}
2025-09-24T11:33:31+00:00 NOTICE Tokens Array
(
    [0] => cây
)
 CONTEXT: {"_legacy":true}
2025-09-24T11:33:31+00:00 NOTICE Execution time 1 0.2846883 CONTEXT: {"_legacy":true}
2025-09-24T11:33:31+00:00 NOTICE Execution time 0.3061872 CONTEXT: {"_legacy":true}
2025-09-24T11:33:42+00:00 NOTICE Start search for cây CONTEXT: {"_legacy":true}
2025-09-24T11:33:42+00:00 NOTICE Execution time 0 0.0035886 CONTEXT: {"_legacy":true}
2025-09-24T11:33:42+00:00 NOTICE Tokens Array
(
    [0] => cây
)
 CONTEXT: {"_legacy":true}
2025-09-24T11:33:42+00:00 NOTICE Execution time 1 0.1402086 CONTEXT: {"_legacy":true}
2025-09-24T11:33:42+00:00 NOTICE Execution time 0.1728742 CONTEXT: {"_legacy":true}
2025-09-24T11:33:43+00:00 NOTICE Start search for cây CONTEXT: {"_legacy":true}
2025-09-24T11:33:43+00:00 NOTICE Execution time 0 0.0060651 CONTEXT: {"_legacy":true}
2025-09-24T11:33:43+00:00 NOTICE Tokens Array
(
    [0] => cây
)
 CONTEXT: {"_legacy":true}
2025-09-24T11:33:43+00:00 NOTICE Execution time 1 0.2044937 CONTEXT: {"_legacy":true}
2025-09-24T11:33:43+00:00 NOTICE Execution time 0.236705 CONTEXT: {"_legacy":true}
2025-09-24T11:33:50+00:00 NOTICE Start search for Tạp dề làm vườn CONTEXT: {"_legacy":true}
2025-09-24T11:33:50+00:00 NOTICE Execution time 0 0.0065544 CONTEXT: {"_legacy":true}
2025-09-24T11:33:50+00:00 NOTICE Tokens Array
(
    [0] => vườn
    [1] => tạp
    [2] => dề
    [3] => làm
)
 CONTEXT: {"_legacy":true}
2025-09-24T11:33:50+00:00 NOTICE Execution time 1 0.0362371 CONTEXT: {"_legacy":true}
2025-09-24T11:33:50+00:00 NOTICE Execution time 0.0434538 CONTEXT: {"_legacy":true}
2025-09-24T11:33:52+00:00 NOTICE Start search for Tạp dề làm vườn CONTEXT: {"_legacy":true}
2025-09-24T11:33:52+00:00 NOTICE Execution time 0 0.0042329 CONTEXT: {"_legacy":true}
2025-09-24T11:33:52+00:00 NOTICE Tokens Array
(
    [0] => vườn
    [1] => tạp
    [2] => dề
    [3] => làm
)
 CONTEXT: {"_legacy":true}
2025-09-24T11:33:52+00:00 NOTICE Execution time 1 0.0420678 CONTEXT: {"_legacy":true}
2025-09-24T11:33:52+00:00 NOTICE Execution time 0.0516166 CONTEXT: {"_legacy":true}
2025-09-24T18:15:45+00:00 NOTICE Start search for màu CONTEXT: {"_legacy":true}
2025-09-24T18:15:45+00:00 NOTICE Execution time 0 0.0044035 CONTEXT: {"_legacy":true}
2025-09-24T18:15:45+00:00 NOTICE Tokens Array
(
    [0] => màu
)
 CONTEXT: {"_legacy":true}
2025-09-24T18:15:45+00:00 NOTICE Execution time 1 0.010327 CONTEXT: {"_legacy":true}
2025-09-24T18:15:45+00:00 NOTICE Execution time 0.0183794 CONTEXT: {"_legacy":true}
2025-09-24T18:15:51+00:00 NOTICE Start search for Tạp dề làm vườn CONTEXT: {"_legacy":true}
2025-09-24T18:15:51+00:00 NOTICE Execution time 0 0.0046692 CONTEXT: {"_legacy":true}
2025-09-24T18:15:51+00:00 NOTICE Tokens Array
(
    [0] => vườn
    [1] => tạp
    [2] => dề
    [3] => làm
)
 CONTEXT: {"_legacy":true}
2025-09-24T18:15:51+00:00 NOTICE Execution time 1 0.0224782 CONTEXT: {"_legacy":true}
2025-09-24T18:15:51+00:00 NOTICE Execution time 0.0263356 CONTEXT: {"_legacy":true}
2025-09-24T18:15:55+00:00 NOTICE Start search for  CONTEXT: {"_legacy":true}
2025-09-24T18:15:55+00:00 NOTICE Execution time 0 0.0033678 CONTEXT: {"_legacy":true}
2025-09-24T18:15:55+00:00 NOTICE Tokens Array
(
)
 CONTEXT: {"_legacy":true}
2025-09-24T18:15:55+00:00 NOTICE Execution time 1 0.0045936 CONTEXT: {"_legacy":true}
2025-09-24T18:15:55+00:00 NOTICE Execution time 0.0051623 CONTEXT: {"_legacy":true}
2025-09-24T18:15:59+00:00 NOTICE Start search for cây CONTEXT: {"_legacy":true}
2025-09-24T18:15:59+00:00 NOTICE Execution time 0 0.0022577 CONTEXT: {"_legacy":true}
2025-09-24T18:15:59+00:00 NOTICE Tokens Array
(
    [0] => cây
)
 CONTEXT: {"_legacy":true}
2025-09-24T18:15:59+00:00 NOTICE Execution time 1 0.104255 CONTEXT: {"_legacy":true}
2025-09-24T18:15:59+00:00 NOTICE Execution time 0.1206473 CONTEXT: {"_legacy":true}
2025-09-24T18:16:04+00:00 NOTICE Start search for Tạp dề làm vườn CONTEXT: {"_legacy":true}
2025-09-24T18:16:04+00:00 NOTICE Execution time 0 0.0033341 CONTEXT: {"_legacy":true}
2025-09-24T18:16:04+00:00 NOTICE Tokens Array
(
    [0] => vườn
    [1] => tạp
    [2] => dề
    [3] => làm
)
 CONTEXT: {"_legacy":true}
2025-09-24T18:16:04+00:00 NOTICE Execution time 1 0.01851 CONTEXT: {"_legacy":true}
2025-09-24T18:16:04+00:00 NOTICE Execution time 0.0228976 CONTEXT: {"_legacy":true}
2025-09-24T18:16:14+00:00 NOTICE Start search for Tạp dề làm vườn CONTEXT: {"_legacy":true}
2025-09-24T18:16:14+00:00 NOTICE Execution time 0 0.0043102 CONTEXT: {"_legacy":true}
2025-09-24T18:16:14+00:00 NOTICE Tokens Array
(
    [0] => vườn
    [1] => tạp
    [2] => dề
    [3] => làm
)
 CONTEXT: {"_legacy":true}
2025-09-24T18:16:14+00:00 NOTICE Execution time 1 0.0243889 CONTEXT: {"_legacy":true}
2025-09-24T18:16:14+00:00 NOTICE Execution time 0.0274698 CONTEXT: {"_legacy":true}
2025-09-24T18:16:22+00:00 NOTICE Start search for cây CONTEXT: {"_legacy":true}
2025-09-24T18:16:22+00:00 NOTICE Execution time 0 0.0025536 CONTEXT: {"_legacy":true}
2025-09-24T18:16:22+00:00 NOTICE Tokens Array
(
    [0] => cây
)
 CONTEXT: {"_legacy":true}
2025-09-24T18:16:22+00:00 NOTICE Execution time 1 0.1083499 CONTEXT: {"_legacy":true}
2025-09-24T18:16:22+00:00 NOTICE Execution time 0.1237948 CONTEXT: {"_legacy":true}
2025-09-24T18:16:31+00:00 NOTICE Start search for cây CONTEXT: {"_legacy":true}
2025-09-24T18:16:31+00:00 NOTICE Execution time 0 0.0034372 CONTEXT: {"_legacy":true}
2025-09-24T18:16:31+00:00 NOTICE Tokens Array
(
    [0] => cây
)
 CONTEXT: {"_legacy":true}
2025-09-24T18:16:31+00:00 NOTICE Execution time 1 0.1243047 CONTEXT: {"_legacy":true}
2025-09-24T18:16:31+00:00 NOTICE Execution time 0.1401936 CONTEXT: {"_legacy":true}
2025-09-24T18:16:32+00:00 NOTICE Start search for cây CONTEXT: {"_legacy":true}
2025-09-24T18:16:32+00:00 NOTICE Execution time 0 0.003128 CONTEXT: {"_legacy":true}
2025-09-24T18:16:32+00:00 NOTICE Tokens Array
(
    [0] => cây
)
 CONTEXT: {"_legacy":true}
2025-09-24T18:16:32+00:00 NOTICE Execution time 1 0.1162599 CONTEXT: {"_legacy":true}
2025-09-24T18:16:32+00:00 NOTICE Execution time 0.1317369 CONTEXT: {"_legacy":true}
2025-09-24T18:16:38+00:00 NOTICE Start search for Tạp dề làm vườn CONTEXT: {"_legacy":true}
2025-09-24T18:16:38+00:00 NOTICE Execution time 0 0.0034109 CONTEXT: {"_legacy":true}
2025-09-24T18:16:38+00:00 NOTICE Tokens Array
(
    [0] => vườn
    [1] => tạp
    [2] => dề
    [3] => làm
)
 CONTEXT: {"_legacy":true}
2025-09-24T18:16:38+00:00 NOTICE Execution time 1 0.0175852 CONTEXT: {"_legacy":true}
2025-09-24T18:16:38+00:00 NOTICE Execution time 0.0215679 CONTEXT: {"_legacy":true}
2025-09-24T23:44:09+00:00 NOTICE Start search for màu CONTEXT: {"_legacy":true}
2025-09-24T23:44:09+00:00 NOTICE Execution time 0 0.0124835 CONTEXT: {"_legacy":true}
2025-09-24T23:44:09+00:00 NOTICE Tokens Array
(
    [0] => màu
)
 CONTEXT: {"_legacy":true}
2025-09-24T23:44:09+00:00 NOTICE Execution time 1 0.0277954 CONTEXT: {"_legacy":true}
2025-09-24T23:44:09+00:00 NOTICE Execution time 0.0466934 CONTEXT: {"_legacy":true}
2025-09-24T23:44:16+00:00 NOTICE Start search for Tạp dề làm vườn CONTEXT: {"_legacy":true}
2025-09-24T23:44:16+00:00 NOTICE Execution time 0 0.0128148 CONTEXT: {"_legacy":true}
2025-09-24T23:44:16+00:00 NOTICE Tokens Array
(
    [0] => vườn
    [1] => tạp
    [2] => dề
    [3] => làm
)
 CONTEXT: {"_legacy":true}
2025-09-24T23:44:16+00:00 NOTICE Execution time 1 0.0485207 CONTEXT: {"_legacy":true}
2025-09-24T23:44:16+00:00 NOTICE Execution time 0.0635534 CONTEXT: {"_legacy":true}
2025-09-24T23:44:23+00:00 NOTICE Start search for  CONTEXT: {"_legacy":true}
2025-09-24T23:44:24+00:00 NOTICE Execution time 0 0.0096102 CONTEXT: {"_legacy":true}
2025-09-24T23:44:24+00:00 NOTICE Tokens Array
(
)
 CONTEXT: {"_legacy":true}
2025-09-24T23:44:24+00:00 NOTICE Execution time 1 0.0141058 CONTEXT: {"_legacy":true}
2025-09-24T23:44:24+00:00 NOTICE Execution time 0.0151226 CONTEXT: {"_legacy":true}
2025-09-24T23:44:31+00:00 NOTICE Start search for cây CONTEXT: {"_legacy":true}
2025-09-24T23:44:31+00:00 NOTICE Execution time 0 0.0057956 CONTEXT: {"_legacy":true}
2025-09-24T23:44:31+00:00 NOTICE Tokens Array
(
    [0] => cây
)
 CONTEXT: {"_legacy":true}
2025-09-24T23:44:31+00:00 NOTICE Execution time 1 0.2311946 CONTEXT: {"_legacy":true}
2025-09-24T23:44:31+00:00 NOTICE Execution time 0.2637852 CONTEXT: {"_legacy":true}
2025-09-24T23:44:36+00:00 NOTICE Start search for Tạp dề làm vườn CONTEXT: {"_legacy":true}
2025-09-24T23:44:36+00:00 NOTICE Execution time 0 0.0042856 CONTEXT: {"_legacy":true}
2025-09-24T23:44:36+00:00 NOTICE Tokens Array
(
    [0] => vườn
    [1] => tạp
    [2] => dề
    [3] => làm
)
 CONTEXT: {"_legacy":true}
2025-09-24T23:44:36+00:00 NOTICE Execution time 1 0.030183 CONTEXT: {"_legacy":true}
2025-09-24T23:44:36+00:00 NOTICE Execution time 0.0340782 CONTEXT: {"_legacy":true}
2025-09-24T23:44:54+00:00 NOTICE Start search for Tạp dề làm vườn CONTEXT: {"_legacy":true}
2025-09-24T23:44:54+00:00 NOTICE Execution time 0 0.0105145 CONTEXT: {"_legacy":true}
2025-09-24T23:44:54+00:00 NOTICE Tokens Array
(
    [0] => vườn
    [1] => tạp
    [2] => dề
    [3] => làm
)
 CONTEXT: {"_legacy":true}
2025-09-24T23:44:54+00:00 NOTICE Execution time 1 0.0551997 CONTEXT: {"_legacy":true}
2025-09-24T23:44:54+00:00 NOTICE Execution time 0.0650301 CONTEXT: {"_legacy":true}
2025-09-24T23:45:08+00:00 NOTICE Start search for cây CONTEXT: {"_legacy":true}
2025-09-24T23:45:08+00:00 NOTICE Execution time 0 0.0107675 CONTEXT: {"_legacy":true}
2025-09-24T23:45:08+00:00 NOTICE Tokens Array
(
    [0] => cây
)
 CONTEXT: {"_legacy":true}
2025-09-24T23:45:08+00:00 NOTICE Execution time 1 0.2766305 CONTEXT: {"_legacy":true}
2025-09-24T23:45:08+00:00 NOTICE Execution time 0.3210238 CONTEXT: {"_legacy":true}
2025-09-24T23:45:23+00:00 NOTICE Start search for cây CONTEXT: {"_legacy":true}
2025-09-24T23:45:23+00:00 NOTICE Execution time 0 0.0087295 CONTEXT: {"_legacy":true}
2025-09-24T23:45:23+00:00 NOTICE Tokens Array
(
    [0] => cây
)
 CONTEXT: {"_legacy":true}
2025-09-24T23:45:23+00:00 NOTICE Execution time 1 0.2558216 CONTEXT: {"_legacy":true}
2025-09-24T23:45:23+00:00 NOTICE Execution time 0.3094412 CONTEXT: {"_legacy":true}
2025-09-24T23:45:24+00:00 NOTICE Start search for cây CONTEXT: {"_legacy":true}
2025-09-24T23:45:24+00:00 NOTICE Execution time 0 0.0051823 CONTEXT: {"_legacy":true}
2025-09-24T23:45:24+00:00 NOTICE Tokens Array
(
    [0] => cây
)
 CONTEXT: {"_legacy":true}
2025-09-24T23:45:24+00:00 NOTICE Execution time 1 0.1718974 CONTEXT: {"_legacy":true}
2025-09-24T23:45:24+00:00 NOTICE Execution time 0.2139205 CONTEXT: {"_legacy":true}
2025-09-24T23:45:32+00:00 NOTICE Start search for Tạp dề làm vườn CONTEXT: {"_legacy":true}
2025-09-24T23:45:32+00:00 NOTICE Execution time 0 0.0077042 CONTEXT: {"_legacy":true}
2025-09-24T23:45:32+00:00 NOTICE Tokens Array
(
    [0] => vườn
    [1] => tạp
    [2] => dề
    [3] => làm
)
 CONTEXT: {"_legacy":true}
2025-09-24T23:45:32+00:00 NOTICE Execution time 1 0.0296526 CONTEXT: {"_legacy":true}
2025-09-24T23:45:32+00:00 NOTICE Execution time 0.0333228 CONTEXT: {"_legacy":true}
2025-09-24T23:45:33+00:00 NOTICE Start search for Tạp dề làm vườn CONTEXT: {"_legacy":true}
2025-09-24T23:45:33+00:00 NOTICE Execution time 0 0.0082226 CONTEXT: {"_legacy":true}
2025-09-24T23:45:33+00:00 NOTICE Tokens Array
(
    [0] => vườn
    [1] => tạp
    [2] => dề
    [3] => làm
)
 CONTEXT: {"_legacy":true}
2025-09-24T23:45:33+00:00 NOTICE Execution time 1 0.0509062 CONTEXT: {"_legacy":true}
2025-09-24T23:45:33+00:00 NOTICE Execution time 0.0597313 CONTEXT: {"_legacy":true}
