2025-08-29T10:21:31+00:00 NOTICE Start search for cây CONTEXT: {"_legacy":true}
2025-08-29T10:21:31+00:00 NOTICE Execution time 0 0.195711 CONTEXT: {"_legacy":true}
2025-08-29T10:21:31+00:00 NOTICE Tokens Array
(
    [0] => cây
)
 CONTEXT: {"_legacy":true}
2025-08-29T10:21:31+00:00 NOTICE Execution time 1 0.4267931 CONTEXT: {"_legacy":true}
2025-08-29T10:21:31+00:00 NOTICE Execution time 0.4387551 CONTEXT: {"_legacy":true}
2025-08-29T10:21:33+00:00 NOTICE Start search for cây CONTEXT: {"_legacy":true}
2025-08-29T10:21:33+00:00 NOTICE Execution time 0 0.0023028 CONTEXT: {"_legacy":true}
2025-08-29T10:21:33+00:00 NOTICE Tokens Array
(
    [0] => cây
)
 CONTEXT: {"_legacy":true}
2025-08-29T10:21:33+00:00 NOTICE Execution time 1 0.111942 CONTEXT: {"_legacy":true}
2025-08-29T10:21:33+00:00 NOTICE Execution time 0.1241162 CONTEXT: {"_legacy":true}
2025-08-29T10:22:38+00:00 NOTICE Start search for invalidsearchterm123 CONTEXT: {"_legacy":true}
2025-08-29T10:22:38+00:00 NOTICE Execution time 0 0.0021215 CONTEXT: {"_legacy":true}
2025-08-29T10:22:38+00:00 NOTICE Tokens Array
(
    [0] => invalidsearchterm123
)
 CONTEXT: {"_legacy":true}
2025-08-29T10:22:38+00:00 NOTICE Execution time 1 0.0036631 CONTEXT: {"_legacy":true}
2025-08-29T10:22:38+00:00 NOTICE Execution time 0.0515042 CONTEXT: {"_legacy":true}
2025-08-29T10:22:40+00:00 NOTICE Start search for invalidsearchterm123 CONTEXT: {"_legacy":true}
2025-08-29T10:22:40+00:00 NOTICE Execution time 0 0.0034263 CONTEXT: {"_legacy":true}
2025-08-29T10:22:40+00:00 NOTICE Tokens Array
(
    [0] => invalidsearchterm123
)
 CONTEXT: {"_legacy":true}
2025-08-29T10:22:40+00:00 NOTICE Execution time 1 0.0074069 CONTEXT: {"_legacy":true}
2025-08-29T10:22:40+00:00 NOTICE Execution time 0.009364 CONTEXT: {"_legacy":true}
2025-08-29T10:23:20+00:00 NOTICE Start search for dgfksglsgls CONTEXT: {"_legacy":true}
2025-08-29T10:23:20+00:00 NOTICE Execution time 0 0.002324 CONTEXT: {"_legacy":true}
2025-08-29T10:23:20+00:00 NOTICE Tokens Array
(
    [0] => dgfksglsgls
)
 CONTEXT: {"_legacy":true}
2025-08-29T10:23:20+00:00 NOTICE Execution time 1 0.0042359 CONTEXT: {"_legacy":true}
2025-08-29T10:23:20+00:00 NOTICE Execution time 0.0061239 CONTEXT: {"_legacy":true}
2025-08-29T10:23:26+00:00 NOTICE Start search for dgfksglsgls CONTEXT: {"_legacy":true}
2025-08-29T10:23:26+00:00 NOTICE Execution time 0 0.0035082 CONTEXT: {"_legacy":true}
2025-08-29T10:23:26+00:00 NOTICE Tokens Array
(
    [0] => dgfksglsgls
)
 CONTEXT: {"_legacy":true}
2025-08-29T10:23:26+00:00 NOTICE Execution time 1 0.0059891 CONTEXT: {"_legacy":true}
2025-08-29T10:23:26+00:00 NOTICE Execution time 0.0073611 CONTEXT: {"_legacy":true}
2025-08-29T10:25:58+00:00 NOTICE Start search for invalidsearchterm123 CONTEXT: {"_legacy":true}
2025-08-29T10:25:58+00:00 NOTICE Execution time 0 0.002989 CONTEXT: {"_legacy":true}
2025-08-29T10:25:58+00:00 NOTICE Tokens Array
(
    [0] => invalidsearchterm123
)
 CONTEXT: {"_legacy":true}
2025-08-29T10:25:58+00:00 NOTICE Execution time 1 0.0051085 CONTEXT: {"_legacy":true}
2025-08-29T10:25:58+00:00 NOTICE Execution time 0.0064009 CONTEXT: {"_legacy":true}
2025-08-29T10:26:35+00:00 NOTICE Start search for invalidsearchterm123 CONTEXT: {"_legacy":true}
2025-08-29T10:26:35+00:00 NOTICE Execution time 0 0.0027435 CONTEXT: {"_legacy":true}
2025-08-29T10:26:35+00:00 NOTICE Tokens Array
(
    [0] => invalidsearchterm123
)
 CONTEXT: {"_legacy":true}
2025-08-29T10:26:35+00:00 NOTICE Execution time 1 0.0047565 CONTEXT: {"_legacy":true}
2025-08-29T10:26:35+00:00 NOTICE Execution time 0.0059756 CONTEXT: {"_legacy":true}
2025-08-29T10:27:38+00:00 NOTICE Start search for invalidsearchterm123 CONTEXT: {"_legacy":true}
2025-08-29T10:27:38+00:00 NOTICE Execution time 0 0.0024507 CONTEXT: {"_legacy":true}
2025-08-29T10:27:38+00:00 NOTICE Tokens Array
(
    [0] => invalidsearchterm123
)
 CONTEXT: {"_legacy":true}
2025-08-29T10:27:38+00:00 NOTICE Execution time 1 0.0045585 CONTEXT: {"_legacy":true}
2025-08-29T10:27:38+00:00 NOTICE Execution time 0.0057416 CONTEXT: {"_legacy":true}
2025-08-29T10:27:39+00:00 NOTICE Start search for invalidsearchterm123invalid keyword CONTEXT: {"_legacy":true}
2025-08-29T10:27:39+00:00 NOTICE Execution time 0 0.0021578 CONTEXT: {"_legacy":true}
2025-08-29T10:27:39+00:00 NOTICE Tokens Array
(
    [0] => invalidsearchterm123invalid
    [1] => keyword
)
 CONTEXT: {"_legacy":true}
2025-08-29T10:27:39+00:00 NOTICE Execution time 1 0.0045208 CONTEXT: {"_legacy":true}
2025-08-29T10:27:39+00:00 NOTICE Execution time 0.007043 CONTEXT: {"_legacy":true}
2025-08-29T10:28:17+00:00 NOTICE Start search for invalidsearchterm123 CONTEXT: {"_legacy":true}
2025-08-29T10:28:17+00:00 NOTICE Execution time 0 0.0020029 CONTEXT: {"_legacy":true}
2025-08-29T10:28:17+00:00 NOTICE Tokens Array
(
    [0] => invalidsearchterm123
)
 CONTEXT: {"_legacy":true}
2025-08-29T10:28:17+00:00 NOTICE Execution time 1 0.003972 CONTEXT: {"_legacy":true}
2025-08-29T10:28:17+00:00 NOTICE Execution time 0.00509 CONTEXT: {"_legacy":true}
2025-08-29T10:28:29+00:00 NOTICE Start search for invalidsearchterm123 CONTEXT: {"_legacy":true}
2025-08-29T10:28:29+00:00 NOTICE Execution time 0 0.0019612 CONTEXT: {"_legacy":true}
2025-08-29T10:28:29+00:00 NOTICE Tokens Array
(
    [0] => invalidsearchterm123
)
 CONTEXT: {"_legacy":true}
2025-08-29T10:28:29+00:00 NOTICE Execution time 1 0.0037374 CONTEXT: {"_legacy":true}
2025-08-29T10:28:29+00:00 NOTICE Execution time 0.0046977 CONTEXT: {"_legacy":true}
2025-08-29T10:28:41+00:00 NOTICE Start search for sdgfdhfdh CONTEXT: {"_legacy":true}
2025-08-29T10:28:41+00:00 NOTICE Execution time 0 0.0034226 CONTEXT: {"_legacy":true}
2025-08-29T10:28:41+00:00 NOTICE Tokens Array
(
    [0] => sdgfdhfdh
)
 CONTEXT: {"_legacy":true}
2025-08-29T10:28:41+00:00 NOTICE Execution time 1 0.0066323 CONTEXT: {"_legacy":true}
2025-08-29T10:28:41+00:00 NOTICE Execution time 0.0078988 CONTEXT: {"_legacy":true}
2025-08-29T10:29:16+00:00 NOTICE Start search for cây CONTEXT: {"_legacy":true}
2025-08-29T10:29:16+00:00 NOTICE Execution time 0 0.002879 CONTEXT: {"_legacy":true}
2025-08-29T10:29:16+00:00 NOTICE Tokens Array
(
    [0] => cây
)
 CONTEXT: {"_legacy":true}
2025-08-29T10:29:16+00:00 NOTICE Execution time 1 0.1108149 CONTEXT: {"_legacy":true}
2025-08-29T10:29:16+00:00 NOTICE Execution time 0.1241431 CONTEXT: {"_legacy":true}
2025-08-29T10:29:29+00:00 NOTICE Start search for dgdgg CONTEXT: {"_legacy":true}
2025-08-29T10:29:29+00:00 NOTICE Execution time 0 0.0025507 CONTEXT: {"_legacy":true}
2025-08-29T10:29:29+00:00 NOTICE Tokens Array
(
    [0] => dgdgg
)
 CONTEXT: {"_legacy":true}
2025-08-29T10:29:29+00:00 NOTICE Execution time 1 0.0046216 CONTEXT: {"_legacy":true}
2025-08-29T10:29:29+00:00 NOTICE Execution time 0.0152254 CONTEXT: {"_legacy":true}
2025-08-29T10:29:35+00:00 NOTICE Start search for dgdggdgfdg CONTEXT: {"_legacy":true}
2025-08-29T10:29:35+00:00 NOTICE Execution time 0 0.0022207 CONTEXT: {"_legacy":true}
2025-08-29T10:29:35+00:00 NOTICE Tokens Array
(
    [0] => dgdggdgfdg
)
 CONTEXT: {"_legacy":true}
2025-08-29T10:29:35+00:00 NOTICE Execution time 1 0.0041036 CONTEXT: {"_legacy":true}
2025-08-29T10:29:35+00:00 NOTICE Execution time 0.0051776 CONTEXT: {"_legacy":true}
2025-08-29T10:30:35+00:00 NOTICE Start search for invalidsearchterm123 CONTEXT: {"_legacy":true}
2025-08-29T10:30:35+00:00 NOTICE Execution time 0 0.0022262 CONTEXT: {"_legacy":true}
2025-08-29T10:30:35+00:00 NOTICE Tokens Array
(
    [0] => invalidsearchterm123
)
 CONTEXT: {"_legacy":true}
2025-08-29T10:30:35+00:00 NOTICE Execution time 1 0.0041958 CONTEXT: {"_legacy":true}
2025-08-29T10:30:35+00:00 NOTICE Execution time 0.0051308 CONTEXT: {"_legacy":true}
2025-08-29T10:37:29+00:00 NOTICE Start search for invalidsearchterm123 CONTEXT: {"_legacy":true}
2025-08-29T10:37:29+00:00 NOTICE Execution time 0 0.0042008 CONTEXT: {"_legacy":true}
2025-08-29T10:37:29+00:00 NOTICE Tokens Array
(
    [0] => invalidsearchterm123
)
 CONTEXT: {"_legacy":true}
2025-08-29T10:37:29+00:00 NOTICE Execution time 1 0.0064243 CONTEXT: {"_legacy":true}
2025-08-29T10:37:29+00:00 NOTICE Execution time 0.0075796 CONTEXT: {"_legacy":true}
2025-08-29T10:40:53+00:00 NOTICE Start search for cây CONTEXT: {"_legacy":true}
2025-08-29T10:40:53+00:00 NOTICE Execution time 0 0.0029339 CONTEXT: {"_legacy":true}
2025-08-29T10:40:53+00:00 NOTICE Tokens Array
(
    [0] => cây
)
 CONTEXT: {"_legacy":true}
2025-08-29T10:40:53+00:00 NOTICE Execution time 1 0.0872622 CONTEXT: {"_legacy":true}
2025-08-29T10:40:53+00:00 NOTICE Execution time 0.0991935 CONTEXT: {"_legacy":true}
2025-08-29T10:42:19+00:00 NOTICE Start search for invalidsearchterm123 CONTEXT: {"_legacy":true}
2025-08-29T10:42:19+00:00 NOTICE Execution time 0 0.0022137 CONTEXT: {"_legacy":true}
2025-08-29T10:42:19+00:00 NOTICE Tokens Array
(
    [0] => invalidsearchterm123
)
 CONTEXT: {"_legacy":true}
2025-08-29T10:42:19+00:00 NOTICE Execution time 1 0.0038321 CONTEXT: {"_legacy":true}
2025-08-29T10:42:19+00:00 NOTICE Execution time 0.0057347 CONTEXT: {"_legacy":true}
2025-08-29T10:42:27+00:00 NOTICE Start search for cây CONTEXT: {"_legacy":true}
2025-08-29T10:42:27+00:00 NOTICE Execution time 0 0.0020569 CONTEXT: {"_legacy":true}
2025-08-29T10:42:27+00:00 NOTICE Tokens Array
(
    [0] => cây
)
 CONTEXT: {"_legacy":true}
2025-08-29T10:42:27+00:00 NOTICE Execution time 1 0.0793735 CONTEXT: {"_legacy":true}
2025-08-29T10:42:27+00:00 NOTICE Execution time 0.0912116 CONTEXT: {"_legacy":true}
2025-08-29T10:47:48+00:00 NOTICE Start search for Tạp dề làm vườn CONTEXT: {"_legacy":true}
2025-08-29T10:47:48+00:00 NOTICE Execution time 0 0.0028341 CONTEXT: {"_legacy":true}
2025-08-29T10:47:48+00:00 NOTICE Tokens Array
(
    [0] => vườn
    [1] => tạp
    [2] => dề
    [3] => làm
)
 CONTEXT: {"_legacy":true}
2025-08-29T10:47:48+00:00 NOTICE Execution time 1 0.0177972 CONTEXT: {"_legacy":true}
2025-08-29T10:47:48+00:00 NOTICE Execution time 0.0207483 CONTEXT: {"_legacy":true}
2025-08-29T10:49:46+00:00 NOTICE Start search for sdkgjkds CONTEXT: {"_legacy":true}
2025-08-29T10:49:46+00:00 NOTICE Execution time 0 0.0028118 CONTEXT: {"_legacy":true}
2025-08-29T10:49:46+00:00 NOTICE Tokens Array
(
    [0] => sdkgjkds
)
 CONTEXT: {"_legacy":true}
2025-08-29T10:49:46+00:00 NOTICE Execution time 1 0.0047584 CONTEXT: {"_legacy":true}
2025-08-29T10:49:46+00:00 NOTICE Execution time 0.0064806 CONTEXT: {"_legacy":true}
2025-08-29T10:52:16+00:00 NOTICE Start search for cây CONTEXT: {"_legacy":true}
2025-08-29T10:52:16+00:00 NOTICE Execution time 0 0.0020388 CONTEXT: {"_legacy":true}
2025-08-29T10:52:16+00:00 NOTICE Tokens Array
(
    [0] => cây
)
 CONTEXT: {"_legacy":true}
2025-08-29T10:52:16+00:00 NOTICE Execution time 1 0.0924208 CONTEXT: {"_legacy":true}
2025-08-29T10:52:16+00:00 NOTICE Execution time 0.1049183 CONTEXT: {"_legacy":true}
2025-08-29T11:26:54+00:00 NOTICE Start search for Tạp dề làm vườn CONTEXT: {"_legacy":true}
2025-08-29T11:26:54+00:00 NOTICE Execution time 0 0.0060371 CONTEXT: {"_legacy":true}
2025-08-29T11:26:54+00:00 NOTICE Tokens Array
(
    [0] => vườn
    [1] => tạp
    [2] => dề
    [3] => làm
)
 CONTEXT: {"_legacy":true}
2025-08-29T11:26:54+00:00 NOTICE Execution time 1 0.0322637 CONTEXT: {"_legacy":true}
2025-08-29T11:26:54+00:00 NOTICE Execution time 0.035169 CONTEXT: {"_legacy":true}
2025-08-29T11:28:11+00:00 NOTICE Start search for Tạp dề làm vườn CONTEXT: {"_legacy":true}
2025-08-29T11:28:11+00:00 NOTICE Execution time 0 0.0026615 CONTEXT: {"_legacy":true}
2025-08-29T11:28:11+00:00 NOTICE Tokens Array
(
    [0] => vườn
    [1] => tạp
    [2] => dề
    [3] => làm
)
 CONTEXT: {"_legacy":true}
2025-08-29T11:28:11+00:00 NOTICE Execution time 1 0.0207641 CONTEXT: {"_legacy":true}
2025-08-29T11:28:11+00:00 NOTICE Execution time 0.0239808 CONTEXT: {"_legacy":true}
2025-08-29T11:29:03+00:00 NOTICE Start search for  CONTEXT: {"_legacy":true}
2025-08-29T11:29:03+00:00 NOTICE Execution time 0 0.0026388 CONTEXT: {"_legacy":true}
2025-08-29T11:29:03+00:00 NOTICE Tokens Array
(
)
 CONTEXT: {"_legacy":true}
2025-08-29T11:29:03+00:00 NOTICE Execution time 1 0.0036547 CONTEXT: {"_legacy":true}
2025-08-29T11:29:03+00:00 NOTICE Execution time 0.0042568 CONTEXT: {"_legacy":true}
2025-08-29T11:29:49+00:00 NOTICE Start search for Tạp dề làm vườn CONTEXT: {"_legacy":true}
2025-08-29T11:29:49+00:00 NOTICE Execution time 0 0.0028247 CONTEXT: {"_legacy":true}
2025-08-29T11:29:49+00:00 NOTICE Tokens Array
(
    [0] => vườn
    [1] => tạp
    [2] => dề
    [3] => làm
)
 CONTEXT: {"_legacy":true}
2025-08-29T11:29:49+00:00 NOTICE Execution time 1 0.0172765 CONTEXT: {"_legacy":true}
2025-08-29T11:29:49+00:00 NOTICE Execution time 0.0202191 CONTEXT: {"_legacy":true}
2025-08-29T11:30:41+00:00 NOTICE Start search for Tạp dề làm vườn CONTEXT: {"_legacy":true}
2025-08-29T11:30:41+00:00 NOTICE Execution time 0 0.0019819 CONTEXT: {"_legacy":true}
2025-08-29T11:30:41+00:00 NOTICE Tokens Array
(
    [0] => vườn
    [1] => tạp
    [2] => dề
    [3] => làm
)
 CONTEXT: {"_legacy":true}
2025-08-29T11:30:41+00:00 NOTICE Execution time 1 0.0160537 CONTEXT: {"_legacy":true}
2025-08-29T11:30:41+00:00 NOTICE Execution time 0.0189982 CONTEXT: {"_legacy":true}
2025-08-29T11:30:58+00:00 NOTICE Start search for Tạp dề làm vườn CONTEXT: {"_legacy":true}
2025-08-29T11:30:58+00:00 NOTICE Execution time 0 0.0023083 CONTEXT: {"_legacy":true}
2025-08-29T11:30:58+00:00 NOTICE Tokens Array
(
    [0] => vườn
    [1] => tạp
    [2] => dề
    [3] => làm
)
 CONTEXT: {"_legacy":true}
2025-08-29T11:30:58+00:00 NOTICE Execution time 1 0.0199918 CONTEXT: {"_legacy":true}
2025-08-29T11:30:58+00:00 NOTICE Execution time 0.0236732 CONTEXT: {"_legacy":true}
2025-08-29T11:47:41+00:00 NOTICE Start search for Tạp dề làm vườn CONTEXT: {"_legacy":true}
2025-08-29T11:47:41+00:00 NOTICE Execution time 0 0.0019968 CONTEXT: {"_legacy":true}
2025-08-29T11:47:41+00:00 NOTICE Tokens Array
(
    [0] => vườn
    [1] => tạp
    [2] => dề
    [3] => làm
)
 CONTEXT: {"_legacy":true}
2025-08-29T11:47:41+00:00 NOTICE Execution time 1 0.0170748 CONTEXT: {"_legacy":true}
2025-08-29T11:47:41+00:00 NOTICE Execution time 0.0200314 CONTEXT: {"_legacy":true}
2025-08-29T11:54:05+00:00 NOTICE Start search for Tạp dề làm vườn CONTEXT: {"_legacy":true}
2025-08-29T11:54:05+00:00 NOTICE Execution time 0 0.0038969 CONTEXT: {"_legacy":true}
2025-08-29T11:54:05+00:00 NOTICE Tokens Array
(
    [0] => vườn
    [1] => tạp
    [2] => dề
    [3] => làm
)
 CONTEXT: {"_legacy":true}
2025-08-29T11:54:05+00:00 NOTICE Execution time 1 0.0215021 CONTEXT: {"_legacy":true}
2025-08-29T11:54:05+00:00 NOTICE Execution time 0.0246164 CONTEXT: {"_legacy":true}
2025-08-29T11:54:34+00:00 NOTICE Start search for Tạp dề làm vườn CONTEXT: {"_legacy":true}
2025-08-29T11:54:34+00:00 NOTICE Execution time 0 0.0033938 CONTEXT: {"_legacy":true}
2025-08-29T11:54:34+00:00 NOTICE Tokens Array
(
    [0] => vườn
    [1] => tạp
    [2] => dề
    [3] => làm
)
 CONTEXT: {"_legacy":true}
2025-08-29T11:54:34+00:00 NOTICE Execution time 1 0.0186676 CONTEXT: {"_legacy":true}
2025-08-29T11:54:34+00:00 NOTICE Execution time 0.0222903 CONTEXT: {"_legacy":true}
2025-08-29T12:03:12+00:00 NOTICE Start search for Tạp dề làm vườn CONTEXT: {"_legacy":true}
2025-08-29T12:03:12+00:00 NOTICE Execution time 0 0.0019283 CONTEXT: {"_legacy":true}
2025-08-29T12:03:12+00:00 NOTICE Tokens Array
(
    [0] => vườn
    [1] => tạp
    [2] => dề
    [3] => làm
)
 CONTEXT: {"_legacy":true}
2025-08-29T12:03:12+00:00 NOTICE Execution time 1 0.024034 CONTEXT: {"_legacy":true}
2025-08-29T12:03:12+00:00 NOTICE Execution time 0.0269831 CONTEXT: {"_legacy":true}
2025-08-29T12:03:34+00:00 NOTICE Start search for Tạp dề làm vườn CONTEXT: {"_legacy":true}
2025-08-29T12:03:34+00:00 NOTICE Execution time 0 0.0019418 CONTEXT: {"_legacy":true}
2025-08-29T12:03:34+00:00 NOTICE Tokens Array
(
    [0] => vườn
    [1] => tạp
    [2] => dề
    [3] => làm
)
 CONTEXT: {"_legacy":true}
2025-08-29T12:03:34+00:00 NOTICE Execution time 1 0.0175872 CONTEXT: {"_legacy":true}
2025-08-29T12:03:34+00:00 NOTICE Execution time 0.0206855 CONTEXT: {"_legacy":true}
2025-08-29T12:08:00+00:00 NOTICE Start search for Tạp dề làm vườn CONTEXT: {"_legacy":true}
2025-08-29T12:08:00+00:00 NOTICE Execution time 0 0.0023817 CONTEXT: {"_legacy":true}
2025-08-29T12:08:00+00:00 NOTICE Tokens Array
(
    [0] => vườn
    [1] => tạp
    [2] => dề
    [3] => làm
)
 CONTEXT: {"_legacy":true}
2025-08-29T12:08:00+00:00 NOTICE Execution time 1 0.0169986 CONTEXT: {"_legacy":true}
2025-08-29T12:08:00+00:00 NOTICE Execution time 0.0203715 CONTEXT: {"_legacy":true}
2025-08-29T12:09:41+00:00 NOTICE Start search for Tạp dề làm vườn CONTEXT: {"_legacy":true}
2025-08-29T12:09:41+00:00 NOTICE Execution time 0 0.0021472 CONTEXT: {"_legacy":true}
2025-08-29T12:09:41+00:00 NOTICE Tokens Array
(
    [0] => vườn
    [1] => tạp
    [2] => dề
    [3] => làm
)
 CONTEXT: {"_legacy":true}
2025-08-29T12:09:41+00:00 NOTICE Execution time 1 0.0178054 CONTEXT: {"_legacy":true}
2025-08-29T12:09:41+00:00 NOTICE Execution time 0.020741 CONTEXT: {"_legacy":true}
2025-08-29T12:10:32+00:00 NOTICE Start search for Tạp dề làm vườn CONTEXT: {"_legacy":true}
2025-08-29T12:10:32+00:00 NOTICE Execution time 0 0.0029799 CONTEXT: {"_legacy":true}
2025-08-29T12:10:32+00:00 NOTICE Tokens Array
(
    [0] => vườn
    [1] => tạp
    [2] => dề
    [3] => làm
)
 CONTEXT: {"_legacy":true}
2025-08-29T12:10:32+00:00 NOTICE Execution time 1 0.0169394 CONTEXT: {"_legacy":true}
2025-08-29T12:10:32+00:00 NOTICE Execution time 0.0204651 CONTEXT: {"_legacy":true}
2025-08-29T12:12:20+00:00 NOTICE Start search for Tạp dề làm vườn CONTEXT: {"_legacy":true}
2025-08-29T12:12:20+00:00 NOTICE Execution time 0 0.0020927 CONTEXT: {"_legacy":true}
2025-08-29T12:12:20+00:00 NOTICE Tokens Array
(
    [0] => vườn
    [1] => tạp
    [2] => dề
    [3] => làm
)
 CONTEXT: {"_legacy":true}
2025-08-29T12:12:20+00:00 NOTICE Execution time 1 0.0164227 CONTEXT: {"_legacy":true}
2025-08-29T12:12:20+00:00 NOTICE Execution time 0.0196104 CONTEXT: {"_legacy":true}
2025-08-29T12:13:20+00:00 NOTICE Start search for Tạp dề làm vườn CONTEXT: {"_legacy":true}
2025-08-29T12:13:20+00:00 NOTICE Execution time 0 0.0019543 CONTEXT: {"_legacy":true}
2025-08-29T12:13:20+00:00 NOTICE Tokens Array
(
    [0] => vườn
    [1] => tạp
    [2] => dề
    [3] => làm
)
 CONTEXT: {"_legacy":true}
2025-08-29T12:13:20+00:00 NOTICE Execution time 1 0.0146797 CONTEXT: {"_legacy":true}
2025-08-29T12:13:20+00:00 NOTICE Execution time 0.0175829 CONTEXT: {"_legacy":true}
2025-08-29T12:14:34+00:00 NOTICE Start search for Tạp dề làm vườn CONTEXT: {"_legacy":true}
2025-08-29T12:14:34+00:00 NOTICE Execution time 0 0.0031481 CONTEXT: {"_legacy":true}
2025-08-29T12:14:34+00:00 NOTICE Tokens Array
(
    [0] => vườn
    [1] => tạp
    [2] => dề
    [3] => làm
)
 CONTEXT: {"_legacy":true}
2025-08-29T12:14:34+00:00 NOTICE Execution time 1 0.0228696 CONTEXT: {"_legacy":true}
2025-08-29T12:14:34+00:00 NOTICE Execution time 0.0262228 CONTEXT: {"_legacy":true}
2025-08-29T12:14:40+00:00 NOTICE Start search for Tạp dề làm vườn CONTEXT: {"_legacy":true}
2025-08-29T12:14:40+00:00 NOTICE Execution time 0 0.0020217 CONTEXT: {"_legacy":true}
2025-08-29T12:14:40+00:00 NOTICE Tokens Array
(
    [0] => vườn
    [1] => tạp
    [2] => dề
    [3] => làm
)
 CONTEXT: {"_legacy":true}
2025-08-29T12:14:40+00:00 NOTICE Execution time 1 0.0155705 CONTEXT: {"_legacy":true}
2025-08-29T12:14:40+00:00 NOTICE Execution time 0.018411 CONTEXT: {"_legacy":true}
2025-08-29T12:15:25+00:00 NOTICE Start search for Tạp dề làm vườn CONTEXT: {"_legacy":true}
2025-08-29T12:15:25+00:00 NOTICE Execution time 0 0.0022724 CONTEXT: {"_legacy":true}
2025-08-29T12:15:25+00:00 NOTICE Tokens Array
(
    [0] => vườn
    [1] => tạp
    [2] => dề
    [3] => làm
)
 CONTEXT: {"_legacy":true}
2025-08-29T12:15:25+00:00 NOTICE Execution time 1 0.0180548 CONTEXT: {"_legacy":true}
2025-08-29T12:15:25+00:00 NOTICE Execution time 0.0209766 CONTEXT: {"_legacy":true}
2025-08-29T12:16:00+00:00 NOTICE Start search for Tạp dề làm vườn CONTEXT: {"_legacy":true}
2025-08-29T12:16:00+00:00 NOTICE Execution time 0 0.0019958 CONTEXT: {"_legacy":true}
2025-08-29T12:16:00+00:00 NOTICE Tokens Array
(
    [0] => vườn
    [1] => tạp
    [2] => dề
    [3] => làm
)
 CONTEXT: {"_legacy":true}
2025-08-29T12:16:00+00:00 NOTICE Execution time 1 0.0146713 CONTEXT: {"_legacy":true}
2025-08-29T12:16:00+00:00 NOTICE Execution time 0.017524 CONTEXT: {"_legacy":true}
2025-08-29T12:16:53+00:00 NOTICE Start search for Tạp dề làm vườn CONTEXT: {"_legacy":true}
2025-08-29T12:16:53+00:00 NOTICE Execution time 0 0.0022919 CONTEXT: {"_legacy":true}
2025-08-29T12:16:53+00:00 NOTICE Tokens Array
(
    [0] => vườn
    [1] => tạp
    [2] => dề
    [3] => làm
)
 CONTEXT: {"_legacy":true}
2025-08-29T12:16:53+00:00 NOTICE Execution time 1 0.0211889 CONTEXT: {"_legacy":true}
2025-08-29T12:16:53+00:00 NOTICE Execution time 0.0240943 CONTEXT: {"_legacy":true}
2025-08-29T12:23:13+00:00 NOTICE Start search for Tạp dề làm vườn CONTEXT: {"_legacy":true}
2025-08-29T12:23:13+00:00 NOTICE Execution time 0 0.0026957 CONTEXT: {"_legacy":true}
2025-08-29T12:23:13+00:00 NOTICE Tokens Array
(
    [0] => vườn
    [1] => tạp
    [2] => dề
    [3] => làm
)
 CONTEXT: {"_legacy":true}
2025-08-29T12:23:13+00:00 NOTICE Execution time 1 0.0144114 CONTEXT: {"_legacy":true}
2025-08-29T12:23:13+00:00 NOTICE Execution time 0.0173117 CONTEXT: {"_legacy":true}
2025-08-29T12:33:24+00:00 NOTICE Start search for Tạp dề làm vườn CONTEXT: {"_legacy":true}
2025-08-29T12:33:24+00:00 NOTICE Execution time 0 0.0026876 CONTEXT: {"_legacy":true}
2025-08-29T12:33:24+00:00 NOTICE Tokens Array
(
    [0] => vườn
    [1] => tạp
    [2] => dề
    [3] => làm
)
 CONTEXT: {"_legacy":true}
2025-08-29T12:33:24+00:00 NOTICE Execution time 1 0.0175451 CONTEXT: {"_legacy":true}
2025-08-29T12:33:24+00:00 NOTICE Execution time 0.0211174 CONTEXT: {"_legacy":true}
2025-08-29T12:37:53+00:00 NOTICE Start search for Tạp dề làm vườn CONTEXT: {"_legacy":true}
2025-08-29T12:37:53+00:00 NOTICE Execution time 0 0.0047377 CONTEXT: {"_legacy":true}
2025-08-29T12:37:53+00:00 NOTICE Tokens Array
(
    [0] => vườn
    [1] => tạp
    [2] => dề
    [3] => làm
)
 CONTEXT: {"_legacy":true}
2025-08-29T12:37:53+00:00 NOTICE Execution time 1 0.0263506 CONTEXT: {"_legacy":true}
2025-08-29T12:37:53+00:00 NOTICE Execution time 0.0303302 CONTEXT: {"_legacy":true}
2025-08-29T12:41:08+00:00 NOTICE Start search for Tạp dề làm vườn CONTEXT: {"_legacy":true}
2025-08-29T12:41:08+00:00 NOTICE Execution time 0 0.0030305 CONTEXT: {"_legacy":true}
2025-08-29T12:41:08+00:00 NOTICE Tokens Array
(
    [0] => vườn
    [1] => tạp
    [2] => dề
    [3] => làm
)
 CONTEXT: {"_legacy":true}
2025-08-29T12:41:08+00:00 NOTICE Execution time 1 0.0197741 CONTEXT: {"_legacy":true}
2025-08-29T12:41:08+00:00 NOTICE Execution time 0.0226951 CONTEXT: {"_legacy":true}
2025-08-29T12:41:32+00:00 NOTICE Start search for Tạp dề làm vườn CONTEXT: {"_legacy":true}
2025-08-29T12:41:32+00:00 NOTICE Execution time 0 0.0022424 CONTEXT: {"_legacy":true}
2025-08-29T12:41:32+00:00 NOTICE Tokens Array
(
    [0] => vườn
    [1] => tạp
    [2] => dề
    [3] => làm
)
 CONTEXT: {"_legacy":true}
2025-08-29T12:41:32+00:00 NOTICE Execution time 1 0.0184025 CONTEXT: {"_legacy":true}
2025-08-29T12:41:32+00:00 NOTICE Execution time 0.021287 CONTEXT: {"_legacy":true}
2025-08-29T12:42:16+00:00 NOTICE Start search for  CONTEXT: {"_legacy":true}
2025-08-29T12:42:16+00:00 NOTICE Execution time 0 0.0030011 CONTEXT: {"_legacy":true}
2025-08-29T12:42:16+00:00 NOTICE Tokens Array
(
)
 CONTEXT: {"_legacy":true}
2025-08-29T12:42:16+00:00 NOTICE Execution time 1 0.0039775 CONTEXT: {"_legacy":true}
2025-08-29T12:42:16+00:00 NOTICE Execution time 0.0044958 CONTEXT: {"_legacy":true}
2025-08-29T12:42:57+00:00 NOTICE Start search for  CONTEXT: {"_legacy":true}
2025-08-29T12:42:57+00:00 NOTICE Execution time 0 0.0019189 CONTEXT: {"_legacy":true}
2025-08-29T12:42:57+00:00 NOTICE Tokens Array
(
)
 CONTEXT: {"_legacy":true}
2025-08-29T12:42:57+00:00 NOTICE Execution time 1 0.0028423 CONTEXT: {"_legacy":true}
2025-08-29T12:42:57+00:00 NOTICE Execution time 0.0034158 CONTEXT: {"_legacy":true}
2025-08-29T12:43:31+00:00 NOTICE Start search for cây CONTEXT: {"_legacy":true}
2025-08-29T12:43:31+00:00 NOTICE Execution time 0 0.0019522 CONTEXT: {"_legacy":true}
2025-08-29T12:43:31+00:00 NOTICE Tokens Array
(
    [0] => cây
)
 CONTEXT: {"_legacy":true}
2025-08-29T12:43:31+00:00 NOTICE Execution time 1 0.0916514 CONTEXT: {"_legacy":true}
2025-08-29T12:43:31+00:00 NOTICE Execution time 0.1031511 CONTEXT: {"_legacy":true}
2025-08-29T12:50:21+00:00 NOTICE Start search for cây CONTEXT: {"_legacy":true}
2025-08-29T12:50:21+00:00 NOTICE Execution time 0 0.0052352 CONTEXT: {"_legacy":true}
2025-08-29T12:50:21+00:00 NOTICE Tokens Array
(
    [0] => cây
)
 CONTEXT: {"_legacy":true}
2025-08-29T12:50:21+00:00 NOTICE Execution time 1 0.0952334 CONTEXT: {"_legacy":true}
2025-08-29T12:50:21+00:00 NOTICE Execution time 0.1068239 CONTEXT: {"_legacy":true}
2025-08-29T12:51:45+00:00 NOTICE Start search for cây CONTEXT: {"_legacy":true}
2025-08-29T12:51:45+00:00 NOTICE Execution time 0 0.0035403 CONTEXT: {"_legacy":true}
2025-08-29T12:51:45+00:00 NOTICE Tokens Array
(
    [0] => cây
)
 CONTEXT: {"_legacy":true}
2025-08-29T12:51:46+00:00 NOTICE Execution time 1 0.1458634 CONTEXT: {"_legacy":true}
2025-08-29T12:51:46+00:00 NOTICE Execution time 0.1604939 CONTEXT: {"_legacy":true}
2025-08-29T12:53:00+00:00 NOTICE Start search for cây CONTEXT: {"_legacy":true}
2025-08-29T12:53:00+00:00 NOTICE Execution time 0 0.0023759 CONTEXT: {"_legacy":true}
2025-08-29T12:53:00+00:00 NOTICE Tokens Array
(
    [0] => cây
)
 CONTEXT: {"_legacy":true}
2025-08-29T12:53:01+00:00 NOTICE Execution time 1 0.0849395 CONTEXT: {"_legacy":true}
2025-08-29T12:53:01+00:00 NOTICE Execution time 0.0973765 CONTEXT: {"_legacy":true}
2025-08-29T12:53:44+00:00 NOTICE Start search for cây CONTEXT: {"_legacy":true}
2025-08-29T12:53:44+00:00 NOTICE Execution time 0 0.0021953 CONTEXT: {"_legacy":true}
2025-08-29T12:53:44+00:00 NOTICE Tokens Array
(
    [0] => cây
)
 CONTEXT: {"_legacy":true}
2025-08-29T12:53:44+00:00 NOTICE Execution time 1 0.086331 CONTEXT: {"_legacy":true}
2025-08-29T12:53:44+00:00 NOTICE Execution time 0.0986583 CONTEXT: {"_legacy":true}
2025-08-29T12:54:58+00:00 NOTICE Start search for cây CONTEXT: {"_legacy":true}
2025-08-29T12:54:58+00:00 NOTICE Execution time 0 0.0019481 CONTEXT: {"_legacy":true}
2025-08-29T12:54:58+00:00 NOTICE Tokens Array
(
    [0] => cây
)
 CONTEXT: {"_legacy":true}
2025-08-29T12:54:58+00:00 NOTICE Execution time 1 0.0865983 CONTEXT: {"_legacy":true}
2025-08-29T12:54:58+00:00 NOTICE Execution time 0.0997231 CONTEXT: {"_legacy":true}
2025-08-29T12:55:39+00:00 NOTICE Start search for cây CONTEXT: {"_legacy":true}
2025-08-29T12:55:39+00:00 NOTICE Execution time 0 0.0030597 CONTEXT: {"_legacy":true}
2025-08-29T12:55:39+00:00 NOTICE Tokens Array
(
    [0] => cây
)
 CONTEXT: {"_legacy":true}
2025-08-29T12:55:39+00:00 NOTICE Execution time 1 0.0938969 CONTEXT: {"_legacy":true}
2025-08-29T12:55:39+00:00 NOTICE Execution time 0.1084897 CONTEXT: {"_legacy":true}
2025-08-29T12:56:26+00:00 NOTICE Start search for cây CONTEXT: {"_legacy":true}
2025-08-29T12:56:26+00:00 NOTICE Execution time 0 0.0034422 CONTEXT: {"_legacy":true}
2025-08-29T12:56:26+00:00 NOTICE Tokens Array
(
    [0] => cây
)
 CONTEXT: {"_legacy":true}
2025-08-29T12:56:26+00:00 NOTICE Execution time 1 0.1018159 CONTEXT: {"_legacy":true}
2025-08-29T12:56:26+00:00 NOTICE Execution time 0.1151787 CONTEXT: {"_legacy":true}
2025-08-29T12:56:56+00:00 NOTICE Start search for cây CONTEXT: {"_legacy":true}
2025-08-29T12:56:56+00:00 NOTICE Execution time 0 0.0019279 CONTEXT: {"_legacy":true}
2025-08-29T12:56:56+00:00 NOTICE Tokens Array
(
    [0] => cây
)
 CONTEXT: {"_legacy":true}
2025-08-29T12:56:56+00:00 NOTICE Execution time 1 0.0896238 CONTEXT: {"_legacy":true}
2025-08-29T12:56:56+00:00 NOTICE Execution time 0.1011715 CONTEXT: {"_legacy":true}
2025-08-29T12:57:45+00:00 NOTICE Start search for Tạp dề làm vườn CONTEXT: {"_legacy":true}
2025-08-29T12:57:45+00:00 NOTICE Execution time 0 0.0042997 CONTEXT: {"_legacy":true}
2025-08-29T12:57:45+00:00 NOTICE Tokens Array
(
    [0] => vườn
    [1] => tạp
    [2] => dề
    [3] => làm
)
 CONTEXT: {"_legacy":true}
2025-08-29T12:57:46+00:00 NOTICE Execution time 1 0.0234853 CONTEXT: {"_legacy":true}
2025-08-29T12:57:46+00:00 NOTICE Execution time 0.0263929 CONTEXT: {"_legacy":true}
2025-08-29T12:58:33+00:00 NOTICE Start search for Tạp dề làm vườn CONTEXT: {"_legacy":true}
2025-08-29T12:58:33+00:00 NOTICE Execution time 0 0.0022515 CONTEXT: {"_legacy":true}
2025-08-29T12:58:33+00:00 NOTICE Tokens Array
(
    [0] => vườn
    [1] => tạp
    [2] => dề
    [3] => làm
)
 CONTEXT: {"_legacy":true}
2025-08-29T12:58:33+00:00 NOTICE Execution time 1 0.020839 CONTEXT: {"_legacy":true}
2025-08-29T12:58:33+00:00 NOTICE Execution time 0.0237258 CONTEXT: {"_legacy":true}
2025-08-29T12:59:10+00:00 NOTICE Start search for Tạp dề làm vườn CONTEXT: {"_legacy":true}
2025-08-29T12:59:10+00:00 NOTICE Execution time 0 0.0073091 CONTEXT: {"_legacy":true}
2025-08-29T12:59:10+00:00 NOTICE Tokens Array
(
    [0] => vườn
    [1] => tạp
    [2] => dề
    [3] => làm
)
 CONTEXT: {"_legacy":true}
2025-08-29T12:59:10+00:00 NOTICE Execution time 1 0.0238967 CONTEXT: {"_legacy":true}
2025-08-29T12:59:10+00:00 NOTICE Execution time 0.0268711 CONTEXT: {"_legacy":true}
2025-08-29T13:06:55+00:00 NOTICE Start search for Tạp dề làm vườn CONTEXT: {"_legacy":true}
2025-08-29T13:06:55+00:00 NOTICE Execution time 0 0.0031166 CONTEXT: {"_legacy":true}
2025-08-29T13:06:55+00:00 NOTICE Tokens Array
(
    [0] => vườn
    [1] => tạp
    [2] => dề
    [3] => làm
)
 CONTEXT: {"_legacy":true}
2025-08-29T13:06:55+00:00 NOTICE Execution time 1 0.0167773 CONTEXT: {"_legacy":true}
2025-08-29T13:06:55+00:00 NOTICE Execution time 0.0200606 CONTEXT: {"_legacy":true}
2025-08-29T13:07:51+00:00 NOTICE Start search for Tạp dề làm vườn CONTEXT: {"_legacy":true}
2025-08-29T13:07:51+00:00 NOTICE Execution time 0 0.0022412 CONTEXT: {"_legacy":true}
2025-08-29T13:07:51+00:00 NOTICE Tokens Array
(
    [0] => vườn
    [1] => tạp
    [2] => dề
    [3] => làm
)
 CONTEXT: {"_legacy":true}
2025-08-29T13:07:51+00:00 NOTICE Execution time 1 0.018843 CONTEXT: {"_legacy":true}
2025-08-29T13:07:51+00:00 NOTICE Execution time 0.021846 CONTEXT: {"_legacy":true}
2025-08-29T13:08:00+00:00 NOTICE Start search for cây CONTEXT: {"_legacy":true}
2025-08-29T13:08:00+00:00 NOTICE Execution time 0 0.0030617 CONTEXT: {"_legacy":true}
2025-08-29T13:08:00+00:00 NOTICE Tokens Array
(
    [0] => cây
)
 CONTEXT: {"_legacy":true}
2025-08-29T13:08:00+00:00 NOTICE Execution time 1 0.1005285 CONTEXT: {"_legacy":true}
2025-08-29T13:08:00+00:00 NOTICE Execution time 0.1136636 CONTEXT: {"_legacy":true}
2025-08-29T13:09:13+00:00 NOTICE Start search for cây CONTEXT: {"_legacy":true}
2025-08-29T13:09:13+00:00 NOTICE Execution time 0 0.0024282 CONTEXT: {"_legacy":true}
2025-08-29T13:09:13+00:00 NOTICE Tokens Array
(
    [0] => cây
)
 CONTEXT: {"_legacy":true}
2025-08-29T13:09:13+00:00 NOTICE Execution time 1 0.0855631 CONTEXT: {"_legacy":true}
2025-08-29T13:09:13+00:00 NOTICE Execution time 0.103606 CONTEXT: {"_legacy":true}
2025-08-29T13:14:03+00:00 NOTICE Start search for cây CONTEXT: {"_legacy":true}
2025-08-29T13:14:03+00:00 NOTICE Execution time 0 0.0042228 CONTEXT: {"_legacy":true}
2025-08-29T13:14:03+00:00 NOTICE Tokens Array
(
    [0] => cây
)
 CONTEXT: {"_legacy":true}
2025-08-29T13:14:03+00:00 NOTICE Execution time 1 0.1768757 CONTEXT: {"_legacy":true}
2025-08-29T13:14:03+00:00 NOTICE Execution time 0.2056354 CONTEXT: {"_legacy":true}
2025-08-29T13:14:38+00:00 NOTICE Start search for cây CONTEXT: {"_legacy":true}
2025-08-29T13:14:38+00:00 NOTICE Execution time 0 0.003433 CONTEXT: {"_legacy":true}
2025-08-29T13:14:38+00:00 NOTICE Tokens Array
(
    [0] => cây
)
 CONTEXT: {"_legacy":true}
2025-08-29T13:14:38+00:00 NOTICE Execution time 1 0.0835783 CONTEXT: {"_legacy":true}
2025-08-29T13:14:38+00:00 NOTICE Execution time 0.0959274 CONTEXT: {"_legacy":true}
2025-08-29T13:30:51+00:00 NOTICE Start search for cây CONTEXT: {"_legacy":true}
2025-08-29T13:30:51+00:00 NOTICE Execution time 0 0.00434 CONTEXT: {"_legacy":true}
2025-08-29T13:30:51+00:00 NOTICE Tokens Array
(
    [0] => cây
)
 CONTEXT: {"_legacy":true}
2025-08-29T13:30:51+00:00 NOTICE Execution time 1 0.0951273 CONTEXT: {"_legacy":true}
2025-08-29T13:30:51+00:00 NOTICE Execution time 0.1087628 CONTEXT: {"_legacy":true}
2025-08-29T13:33:27+00:00 NOTICE Start search for cây CONTEXT: {"_legacy":true}
2025-08-29T13:33:27+00:00 NOTICE Execution time 0 0.0055663 CONTEXT: {"_legacy":true}
2025-08-29T13:33:27+00:00 NOTICE Tokens Array
(
    [0] => cây
)
 CONTEXT: {"_legacy":true}
2025-08-29T13:33:27+00:00 NOTICE Execution time 1 0.1941119 CONTEXT: {"_legacy":true}
2025-08-29T13:33:27+00:00 NOTICE Execution time 0.2218639 CONTEXT: {"_legacy":true}
2025-08-29T13:36:43+00:00 NOTICE Start search for cây CONTEXT: {"_legacy":true}
2025-08-29T13:36:43+00:00 NOTICE Execution time 0 0.0039033 CONTEXT: {"_legacy":true}
2025-08-29T13:36:43+00:00 NOTICE Tokens Array
(
    [0] => cây
)
 CONTEXT: {"_legacy":true}
2025-08-29T13:36:43+00:00 NOTICE Execution time 1 0.0981684 CONTEXT: {"_legacy":true}
2025-08-29T13:36:43+00:00 NOTICE Execution time 0.11184 CONTEXT: {"_legacy":true}
