2025-09-04T12:04:30+00:00 NOTICE Start search for cây sâm CONTEXT: {"_legacy":true}
2025-09-04T12:04:30+00:00 NOTICE Execution time 0 0.0050969 CONTEXT: {"_legacy":true}
2025-09-04T12:04:30+00:00 NOTICE Tokens Array
(
    [0] => cây
    [1] => sâm
)
 CONTEXT: {"_legacy":true}
2025-09-04T12:04:30+00:00 NOTICE Execution time 1 0.1197883 CONTEXT: {"_legacy":true}
2025-09-04T12:04:30+00:00 NOTICE Execution time 0.1344167 CONTEXT: {"_legacy":true}
2025-09-04T12:05:29+00:00 NOTICE Start search for nhân sâm CONTEXT: {"_legacy":true}
2025-09-04T12:05:29+00:00 NOTICE Execution time 0 0.0041418 CONTEXT: {"_legacy":true}
2025-09-04T12:05:29+00:00 NOTICE Tokens Array
(
    [0] => nhân
    [1] => sâm
)
 CONTEXT: {"_legacy":true}
2025-09-04T12:05:29+00:00 NOTICE Execution time 1 0.0115368 CONTEXT: {"_legacy":true}
2025-09-04T12:05:29+00:00 NOTICE Execution time 0.01271 CONTEXT: {"_legacy":true}
