2025-08-30T19:49:54+00:00 NOTICE Start search for tạp dề làm vườn CONTEXT: {"_legacy":true}
2025-08-30T19:49:54+00:00 NOTICE Execution time 0 0.0062442 CONTEXT: {"_legacy":true}
2025-08-30T19:49:54+00:00 NOTICE Tokens Array
(
    [0] => vườn
    [1] => tạp
    [2] => dề
    [3] => làm
)
 CONTEXT: {"_legacy":true}
2025-08-30T19:49:54+00:00 NOTICE Execution time 1 0.0238375 CONTEXT: {"_legacy":true}
2025-08-30T19:49:54+00:00 NOTICE Execution time 0.026752 CONTEXT: {"_legacy":true}
2025-08-30T19:49:59+00:00 NOTICE Start search for tạp dề làm vườn CONTEXT: {"_legacy":true}
2025-08-30T19:49:59+00:00 NOTICE Execution time 0 0.0025768 CONTEXT: {"_legacy":true}
2025-08-30T19:49:59+00:00 NOTICE Tokens Array
(
    [0] => vườn
    [1] => tạp
    [2] => dề
    [3] => làm
)
 CONTEXT: {"_legacy":true}
2025-08-30T19:49:59+00:00 NOTICE Execution time 1 0.0284806 CONTEXT: {"_legacy":true}
2025-08-30T19:49:59+00:00 NOTICE Execution time 0.0348449 CONTEXT: {"_legacy":true}
2025-08-30T19:50:09+00:00 NOTICE Start search for tạp dề làm vườn CONTEXT: {"_legacy":true}
2025-08-30T19:50:09+00:00 NOTICE Execution time 0 0.0021342 CONTEXT: {"_legacy":true}
2025-08-30T19:50:09+00:00 NOTICE Tokens Array
(
    [0] => vườn
    [1] => tạp
    [2] => dề
    [3] => làm
)
 CONTEXT: {"_legacy":true}
2025-08-30T19:50:09+00:00 NOTICE Execution time 1 0.0154003 CONTEXT: {"_legacy":true}
2025-08-30T19:50:09+00:00 NOTICE Execution time 0.0183754 CONTEXT: {"_legacy":true}
2025-08-30T20:15:53+00:00 NOTICE Start search for cây CONTEXT: {"_legacy":true}
2025-08-30T20:15:53+00:00 NOTICE Execution time 0 0.00423 CONTEXT: {"_legacy":true}
2025-08-30T20:15:53+00:00 NOTICE Tokens Array
(
    [0] => cây
)
 CONTEXT: {"_legacy":true}
2025-08-30T20:15:53+00:00 NOTICE Execution time 1 0.1232365 CONTEXT: {"_legacy":true}
2025-08-30T20:15:53+00:00 NOTICE Execution time 0.137026 CONTEXT: {"_legacy":true}
2025-08-30T20:18:28+00:00 NOTICE Start search for Tạp dề làm vườn CONTEXT: {"_legacy":true}
2025-08-30T20:18:28+00:00 NOTICE Execution time 0 0.0029622 CONTEXT: {"_legacy":true}
2025-08-30T20:18:28+00:00 NOTICE Tokens Array
(
    [0] => vườn
    [1] => tạp
    [2] => dề
    [3] => làm
)
 CONTEXT: {"_legacy":true}
2025-08-30T20:18:29+00:00 NOTICE Execution time 1 0.0176942 CONTEXT: {"_legacy":true}
2025-08-30T20:18:29+00:00 NOTICE Execution time 0.0209931 CONTEXT: {"_legacy":true}
2025-08-30T20:29:50+00:00 NOTICE Start search for cây CONTEXT: {"_legacy":true}
2025-08-30T20:29:50+00:00 NOTICE Execution time 0 0.0047051 CONTEXT: {"_legacy":true}
2025-08-30T20:29:50+00:00 NOTICE Tokens Array
(
    [0] => cây
)
 CONTEXT: {"_legacy":true}
2025-08-30T20:29:50+00:00 NOTICE Execution time 1 0.1042621 CONTEXT: {"_legacy":true}
2025-08-30T20:29:50+00:00 NOTICE Execution time 0.1186861 CONTEXT: {"_legacy":true}
2025-08-30T21:09:26+00:00 NOTICE Start search for Maranta CONTEXT: {"_legacy":true}
2025-08-30T21:09:26+00:00 NOTICE Execution time 0 0.039446 CONTEXT: {"_legacy":true}
2025-08-30T21:09:26+00:00 NOTICE Tokens Array
(
    [0] => maranta
)
 CONTEXT: {"_legacy":true}
2025-08-30T21:09:27+00:00 NOTICE Execution time 1 0.1546664 CONTEXT: {"_legacy":true}
2025-08-30T21:09:27+00:00 NOTICE Execution time 0.1616443 CONTEXT: {"_legacy":true}
2025-08-30T21:15:38+00:00 NOTICE Start search for Maranta CONTEXT: {"_legacy":true}
2025-08-30T21:15:38+00:00 NOTICE Execution time 0 0.0115188 CONTEXT: {"_legacy":true}
2025-08-30T21:15:38+00:00 NOTICE Tokens Array
(
    [0] => maranta
)
 CONTEXT: {"_legacy":true}
2025-08-30T21:15:38+00:00 NOTICE Execution time 1 0.0880947 CONTEXT: {"_legacy":true}
2025-08-30T21:15:38+00:00 NOTICE Execution time 0.0933659 CONTEXT: {"_legacy":true}
2025-08-30T21:15:41+00:00 NOTICE Start search for cây CONTEXT: {"_legacy":true}
2025-08-30T21:15:41+00:00 NOTICE Execution time 0 0.0098395 CONTEXT: {"_legacy":true}
2025-08-30T21:15:41+00:00 NOTICE Tokens Array
(
    [0] => cây
)
 CONTEXT: {"_legacy":true}
2025-08-30T21:15:41+00:00 NOTICE Execution time 1 0.3102566 CONTEXT: {"_legacy":true}
2025-08-30T21:15:41+00:00 NOTICE Execution time 0.3581467 CONTEXT: {"_legacy":true}
2025-08-30T21:16:43+00:00 NOTICE Start search for Maranta CONTEXT: {"_legacy":true}
2025-08-30T21:16:43+00:00 NOTICE Execution time 0 0.0090258 CONTEXT: {"_legacy":true}
2025-08-30T21:16:43+00:00 NOTICE Tokens Array
(
    [0] => maranta
)
 CONTEXT: {"_legacy":true}
2025-08-30T21:16:43+00:00 NOTICE Execution time 1 0.1004628 CONTEXT: {"_legacy":true}
2025-08-30T21:16:43+00:00 NOTICE Execution time 0.1077776 CONTEXT: {"_legacy":true}
2025-08-30T21:17:52+00:00 NOTICE Start search for Tạp dề làm vườn CONTEXT: {"_legacy":true}
2025-08-30T21:17:52+00:00 NOTICE Execution time 0 0.0386628 CONTEXT: {"_legacy":true}
2025-08-30T21:17:52+00:00 NOTICE Tokens Array
(
    [0] => vườn
    [1] => tạp
    [2] => dề
    [3] => làm
)
 CONTEXT: {"_legacy":true}
2025-08-30T21:17:52+00:00 NOTICE Execution time 1 0.16855 CONTEXT: {"_legacy":true}
2025-08-30T21:17:52+00:00 NOTICE Execution time 0.1758299 CONTEXT: {"_legacy":true}
2025-08-30T23:44:10+00:00 NOTICE Start search for Tạp dề làm vườn CONTEXT: {"_legacy":true}
2025-08-30T23:44:10+00:00 NOTICE Execution time 0 0.0073484 CONTEXT: {"_legacy":true}
2025-08-30T23:44:10+00:00 NOTICE Tokens Array
(
    [0] => vườn
    [1] => tạp
    [2] => dề
    [3] => làm
)
 CONTEXT: {"_legacy":true}
2025-08-30T23:44:10+00:00 NOTICE Execution time 1 0.0238562 CONTEXT: {"_legacy":true}
2025-08-30T23:44:10+00:00 NOTICE Execution time 0.027031 CONTEXT: {"_legacy":true}
2025-08-30T23:45:09+00:00 NOTICE Start search for làm vườn CONTEXT: {"_legacy":true}
2025-08-30T23:45:09+00:00 NOTICE Execution time 0 0.0028993 CONTEXT: {"_legacy":true}
2025-08-30T23:45:09+00:00 NOTICE Tokens Array
(
    [0] => vườn
    [1] => làm
)
 CONTEXT: {"_legacy":true}
2025-08-30T23:45:09+00:00 NOTICE Execution time 1 0.0113676 CONTEXT: {"_legacy":true}
2025-08-30T23:45:09+00:00 NOTICE Execution time 0.0135361 CONTEXT: {"_legacy":true}
2025-08-30T23:45:21+00:00 NOTICE Start search for tạp dề làm vườn CONTEXT: {"_legacy":true}
2025-08-30T23:45:21+00:00 NOTICE Execution time 0 0.0016896 CONTEXT: {"_legacy":true}
2025-08-30T23:45:21+00:00 NOTICE Tokens Array
(
    [0] => vườn
    [1] => tạp
    [2] => dề
    [3] => làm
)
 CONTEXT: {"_legacy":true}
2025-08-30T23:45:21+00:00 NOTICE Execution time 1 0.014025 CONTEXT: {"_legacy":true}
2025-08-30T23:45:21+00:00 NOTICE Execution time 0.0169349 CONTEXT: {"_legacy":true}
2025-08-30T23:45:58+00:00 NOTICE Start search for cây CONTEXT: {"_legacy":true}
2025-08-30T23:45:58+00:00 NOTICE Execution time 0 0.0021518 CONTEXT: {"_legacy":true}
2025-08-30T23:45:58+00:00 NOTICE Tokens Array
(
    [0] => cây
)
 CONTEXT: {"_legacy":true}
2025-08-30T23:45:58+00:00 NOTICE Execution time 1 0.0948382 CONTEXT: {"_legacy":true}
2025-08-30T23:45:58+00:00 NOTICE Execution time 0.1092943 CONTEXT: {"_legacy":true}
2025-08-30T23:50:06+00:00 NOTICE Start search for cây CONTEXT: {"_legacy":true}
2025-08-30T23:50:06+00:00 NOTICE Execution time 0 0.0019513 CONTEXT: {"_legacy":true}
2025-08-30T23:50:06+00:00 NOTICE Tokens Array
(
    [0] => cây
)
 CONTEXT: {"_legacy":true}
2025-08-30T23:50:06+00:00 NOTICE Execution time 1 0.084598 CONTEXT: {"_legacy":true}
2025-08-30T23:50:06+00:00 NOTICE Execution time 0.0969509 CONTEXT: {"_legacy":true}
2025-08-30T23:50:56+00:00 NOTICE Start search for làm vườn CONTEXT: {"_legacy":true}
2025-08-30T23:50:56+00:00 NOTICE Execution time 0 0.0019248 CONTEXT: {"_legacy":true}
2025-08-30T23:50:56+00:00 NOTICE Tokens Array
(
    [0] => vườn
    [1] => làm
)
 CONTEXT: {"_legacy":true}
2025-08-30T23:50:56+00:00 NOTICE Execution time 1 0.008489 CONTEXT: {"_legacy":true}
2025-08-30T23:50:56+00:00 NOTICE Execution time 0.010536 CONTEXT: {"_legacy":true}
2025-08-30T23:51:25+00:00 NOTICE Start search for Tạp dề làm vườn CONTEXT: {"_legacy":true}
2025-08-30T23:51:25+00:00 NOTICE Execution time 0 0.0052958 CONTEXT: {"_legacy":true}
2025-08-30T23:51:25+00:00 NOTICE Tokens Array
(
    [0] => vườn
    [1] => tạp
    [2] => dề
    [3] => làm
)
 CONTEXT: {"_legacy":true}
2025-08-30T23:51:25+00:00 NOTICE Execution time 1 0.03999 CONTEXT: {"_legacy":true}
2025-08-30T23:51:25+00:00 NOTICE Execution time 0.0477824 CONTEXT: {"_legacy":true}
2025-08-30T23:52:33+00:00 NOTICE Start search for Tạp dề làm vườn CONTEXT: {"_legacy":true}
2025-08-30T23:52:33+00:00 NOTICE Execution time 0 0.0020721 CONTEXT: {"_legacy":true}
2025-08-30T23:52:33+00:00 NOTICE Tokens Array
(
    [0] => vườn
    [1] => tạp
    [2] => dề
    [3] => làm
)
 CONTEXT: {"_legacy":true}
2025-08-30T23:52:33+00:00 NOTICE Execution time 1 0.015412 CONTEXT: {"_legacy":true}
2025-08-30T23:52:33+00:00 NOTICE Execution time 0.0186279 CONTEXT: {"_legacy":true}
2025-08-30T23:59:15+00:00 NOTICE Start search for Tạp dề làm vườn CONTEXT: {"_legacy":true}
2025-08-30T23:59:15+00:00 NOTICE Execution time 0 0.0030512 CONTEXT: {"_legacy":true}
2025-08-30T23:59:15+00:00 NOTICE Tokens Array
(
    [0] => vườn
    [1] => tạp
    [2] => dề
    [3] => làm
)
 CONTEXT: {"_legacy":true}
2025-08-30T23:59:15+00:00 NOTICE Execution time 1 0.0167976 CONTEXT: {"_legacy":true}
2025-08-30T23:59:15+00:00 NOTICE Execution time 0.0196696 CONTEXT: {"_legacy":true}
2025-08-30T23:59:16+00:00 NOTICE Start search for Tạp dề làm vườn CONTEXT: {"_legacy":true}
2025-08-30T23:59:16+00:00 NOTICE Execution time 0 0.0030803 CONTEXT: {"_legacy":true}
2025-08-30T23:59:16+00:00 NOTICE Tokens Array
(
    [0] => vườn
    [1] => tạp
    [2] => dề
    [3] => làm
)
 CONTEXT: {"_legacy":true}
2025-08-30T23:59:16+00:00 NOTICE Execution time 1 0.0196776 CONTEXT: {"_legacy":true}
2025-08-30T23:59:16+00:00 NOTICE Execution time 0.02369 CONTEXT: {"_legacy":true}
