2025-08-31T00:00:20+00:00 NOTICE Start search for sdgkhg CONTEXT: {"_legacy":true}
2025-08-31T00:00:20+00:00 NOTICE Execution time 0 0.0062321 CONTEXT: {"_legacy":true}
2025-08-31T00:00:20+00:00 NOTICE Tokens Array
(
    [0] => sdgkhg
)
 CONTEXT: {"_legacy":true}
2025-08-31T00:00:20+00:00 NOTICE Execution time 1 0.0131792 CONTEXT: {"_legacy":true}
2025-08-31T00:00:20+00:00 NOTICE Execution time 0.0408034 CONTEXT: {"_legacy":true}
2025-08-31T00:00:20+00:00 NOTICE Start search for sdgkhg CONTEXT: {"_legacy":true}
2025-08-31T00:00:20+00:00 NOTICE Execution time 0 0.0018248 CONTEXT: {"_legacy":true}
2025-08-31T00:00:20+00:00 NOTICE Tokens Array
(
    [0] => sdgkhg
)
 CONTEXT: {"_legacy":true}
2025-08-31T00:00:20+00:00 NOTICE Execution time 1 0.0039361 CONTEXT: {"_legacy":true}
2025-08-31T00:00:20+00:00 NOTICE Execution time 0.0132544 CONTEXT: {"_legacy":true}
2025-08-31T00:00:22+00:00 NOTICE Start search for Tạp dề làm vườn CONTEXT: {"_legacy":true}
2025-08-31T00:00:22+00:00 NOTICE Execution time 0 0.0044841 CONTEXT: {"_legacy":true}
2025-08-31T00:00:22+00:00 NOTICE Tokens Array
(
    [0] => vườn
    [1] => tạp
    [2] => dề
    [3] => làm
)
 CONTEXT: {"_legacy":true}
2025-08-31T00:00:22+00:00 NOTICE Execution time 1 0.0372605 CONTEXT: {"_legacy":true}
2025-08-31T00:00:22+00:00 NOTICE Execution time 0.0430775 CONTEXT: {"_legacy":true}
2025-08-31T00:00:24+00:00 NOTICE Start search for Tạp dề làm vườn CONTEXT: {"_legacy":true}
2025-08-31T00:00:24+00:00 NOTICE Execution time 0 0.0033605 CONTEXT: {"_legacy":true}
2025-08-31T00:00:24+00:00 NOTICE Tokens Array
(
    [0] => vườn
    [1] => tạp
    [2] => dề
    [3] => làm
)
 CONTEXT: {"_legacy":true}
2025-08-31T00:00:24+00:00 NOTICE Execution time 1 0.0257494 CONTEXT: {"_legacy":true}
2025-08-31T00:00:24+00:00 NOTICE Execution time 0.0298623 CONTEXT: {"_legacy":true}
2025-08-31T00:00:26+00:00 NOTICE Start search for dsfhdghfgd CONTEXT: {"_legacy":true}
2025-08-31T00:00:26+00:00 NOTICE Execution time 0 0.0027355 CONTEXT: {"_legacy":true}
2025-08-31T00:00:26+00:00 NOTICE Tokens Array
(
    [0] => dsfhdghfgd
)
 CONTEXT: {"_legacy":true}
2025-08-31T00:00:26+00:00 NOTICE Execution time 1 0.0044458 CONTEXT: {"_legacy":true}
2025-08-31T00:00:26+00:00 NOTICE Execution time 0.0055019 CONTEXT: {"_legacy":true}
2025-08-31T00:00:27+00:00 NOTICE Start search for dsfhdghfgd CONTEXT: {"_legacy":true}
2025-08-31T00:00:27+00:00 NOTICE Execution time 0 0.0034626 CONTEXT: {"_legacy":true}
2025-08-31T00:00:27+00:00 NOTICE Tokens Array
(
    [0] => dsfhdghfgd
)
 CONTEXT: {"_legacy":true}
2025-08-31T00:00:27+00:00 NOTICE Execution time 1 0.0057875 CONTEXT: {"_legacy":true}
2025-08-31T00:00:27+00:00 NOTICE Execution time 0.0070915 CONTEXT: {"_legacy":true}
2025-08-31T00:00:35+00:00 NOTICE Start search for dkhsdfglfg CONTEXT: {"_legacy":true}
2025-08-31T00:00:35+00:00 NOTICE Execution time 0 0.0032388 CONTEXT: {"_legacy":true}
2025-08-31T00:00:35+00:00 NOTICE Tokens Array
(
    [0] => dkhsdfglfg
)
 CONTEXT: {"_legacy":true}
2025-08-31T00:00:35+00:00 NOTICE Execution time 1 0.0070344 CONTEXT: {"_legacy":true}
2025-08-31T00:00:35+00:00 NOTICE Execution time 0.0085125 CONTEXT: {"_legacy":true}
2025-08-31T00:00:37+00:00 NOTICE Start search for cây CONTEXT: {"_legacy":true}
2025-08-31T00:00:37+00:00 NOTICE Execution time 0 0.0018489 CONTEXT: {"_legacy":true}
2025-08-31T00:00:37+00:00 NOTICE Tokens Array
(
    [0] => cây
)
 CONTEXT: {"_legacy":true}
2025-08-31T00:00:37+00:00 NOTICE Execution time 1 0.0836374 CONTEXT: {"_legacy":true}
2025-08-31T00:00:37+00:00 NOTICE Execution time 0.0959757 CONTEXT: {"_legacy":true}
2025-08-31T00:00:37+00:00 NOTICE Start search for cây CONTEXT: {"_legacy":true}
2025-08-31T00:00:37+00:00 NOTICE Execution time 0 0.0026974 CONTEXT: {"_legacy":true}
2025-08-31T00:00:37+00:00 NOTICE Tokens Array
(
    [0] => cây
)
 CONTEXT: {"_legacy":true}
2025-08-31T00:00:38+00:00 NOTICE Execution time 1 0.0846695 CONTEXT: {"_legacy":true}
2025-08-31T00:00:38+00:00 NOTICE Execution time 0.0968328 CONTEXT: {"_legacy":true}
2025-08-31T00:00:46+00:00 NOTICE Start search for kdghdsgfdkghfg CONTEXT: {"_legacy":true}
2025-08-31T00:00:46+00:00 NOTICE Execution time 0 0.0023356 CONTEXT: {"_legacy":true}
2025-08-31T00:00:46+00:00 NOTICE Tokens Array
(
    [0] => kdghdsgfdkghfg
)
 CONTEXT: {"_legacy":true}
2025-08-31T00:00:46+00:00 NOTICE Execution time 1 0.0043149 CONTEXT: {"_legacy":true}
2025-08-31T00:00:46+00:00 NOTICE Execution time 0.0052492 CONTEXT: {"_legacy":true}
2025-08-31T00:00:46+00:00 NOTICE Start search for kdghdsgfdkghfg CONTEXT: {"_legacy":true}
2025-08-31T00:00:46+00:00 NOTICE Execution time 0 0.0018102 CONTEXT: {"_legacy":true}
2025-08-31T00:00:46+00:00 NOTICE Tokens Array
(
    [0] => kdghdsgfdkghfg
)
 CONTEXT: {"_legacy":true}
2025-08-31T00:00:46+00:00 NOTICE Execution time 1 0.0037893 CONTEXT: {"_legacy":true}
2025-08-31T00:00:46+00:00 NOTICE Execution time 0.0048157 CONTEXT: {"_legacy":true}
2025-08-31T00:05:19+00:00 NOTICE Start search for Tạp dề làm vườn CONTEXT: {"_legacy":true}
2025-08-31T00:05:19+00:00 NOTICE Execution time 0 0.0028276 CONTEXT: {"_legacy":true}
2025-08-31T00:05:19+00:00 NOTICE Tokens Array
(
    [0] => vườn
    [1] => tạp
    [2] => dề
    [3] => làm
)
 CONTEXT: {"_legacy":true}
2025-08-31T00:05:19+00:00 NOTICE Execution time 1 0.0174653 CONTEXT: {"_legacy":true}
2025-08-31T00:05:19+00:00 NOTICE Execution time 0.0207594 CONTEXT: {"_legacy":true}
2025-08-31T00:05:20+00:00 NOTICE Start search for Tạp dề làm vườn CONTEXT: {"_legacy":true}
2025-08-31T00:05:20+00:00 NOTICE Execution time 0 0.0023811 CONTEXT: {"_legacy":true}
2025-08-31T00:05:20+00:00 NOTICE Tokens Array
(
    [0] => vườn
    [1] => tạp
    [2] => dề
    [3] => làm
)
 CONTEXT: {"_legacy":true}
2025-08-31T00:05:20+00:00 NOTICE Execution time 1 0.0145609 CONTEXT: {"_legacy":true}
2025-08-31T00:05:20+00:00 NOTICE Execution time 0.0174248 CONTEXT: {"_legacy":true}
2025-08-31T00:05:51+00:00 NOTICE Start search for Tạp dề làm vườn CONTEXT: {"_legacy":true}
2025-08-31T00:05:51+00:00 NOTICE Execution time 0 0.0021859 CONTEXT: {"_legacy":true}
2025-08-31T00:05:51+00:00 NOTICE Tokens Array
(
    [0] => vườn
    [1] => tạp
    [2] => dề
    [3] => làm
)
 CONTEXT: {"_legacy":true}
2025-08-31T00:05:51+00:00 NOTICE Execution time 1 0.0139438 CONTEXT: {"_legacy":true}
2025-08-31T00:05:51+00:00 NOTICE Execution time 0.0169785 CONTEXT: {"_legacy":true}
2025-08-31T00:05:52+00:00 NOTICE Start search for Tạp dề làm vườn CONTEXT: {"_legacy":true}
2025-08-31T00:05:52+00:00 NOTICE Execution time 0 0.0020015 CONTEXT: {"_legacy":true}
2025-08-31T00:05:52+00:00 NOTICE Tokens Array
(
    [0] => vườn
    [1] => tạp
    [2] => dề
    [3] => làm
)
 CONTEXT: {"_legacy":true}
2025-08-31T00:05:52+00:00 NOTICE Execution time 1 0.016761 CONTEXT: {"_legacy":true}
2025-08-31T00:05:52+00:00 NOTICE Execution time 0.0195508 CONTEXT: {"_legacy":true}
2025-08-31T00:06:17+00:00 NOTICE Start search for Tạp dề làm vườn CONTEXT: {"_legacy":true}
2025-08-31T00:06:17+00:00 NOTICE Execution time 0 0.0019824 CONTEXT: {"_legacy":true}
2025-08-31T00:06:17+00:00 NOTICE Tokens Array
(
    [0] => vườn
    [1] => tạp
    [2] => dề
    [3] => làm
)
 CONTEXT: {"_legacy":true}
2025-08-31T00:06:17+00:00 NOTICE Execution time 1 0.0157018 CONTEXT: {"_legacy":true}
2025-08-31T00:06:17+00:00 NOTICE Execution time 0.0186144 CONTEXT: {"_legacy":true}
2025-08-31T00:06:18+00:00 NOTICE Start search for Tạp dề làm vườn CONTEXT: {"_legacy":true}
2025-08-31T00:06:18+00:00 NOTICE Execution time 0 0.0025227 CONTEXT: {"_legacy":true}
2025-08-31T00:06:18+00:00 NOTICE Tokens Array
(
    [0] => vườn
    [1] => tạp
    [2] => dề
    [3] => làm
)
 CONTEXT: {"_legacy":true}
2025-08-31T00:06:18+00:00 NOTICE Execution time 1 0.0187298 CONTEXT: {"_legacy":true}
2025-08-31T00:06:18+00:00 NOTICE Execution time 0.0215364 CONTEXT: {"_legacy":true}
2025-08-31T00:06:29+00:00 NOTICE Start search for cây CONTEXT: {"_legacy":true}
2025-08-31T00:06:29+00:00 NOTICE Execution time 0 0.0037411 CONTEXT: {"_legacy":true}
2025-08-31T00:06:29+00:00 NOTICE Tokens Array
(
    [0] => cây
)
 CONTEXT: {"_legacy":true}
2025-08-31T00:06:29+00:00 NOTICE Execution time 1 0.0994399 CONTEXT: {"_legacy":true}
2025-08-31T00:06:29+00:00 NOTICE Execution time 0.1126046 CONTEXT: {"_legacy":true}
2025-08-31T00:06:38+00:00 NOTICE Start search for hoa CONTEXT: {"_legacy":true}
2025-08-31T00:06:38+00:00 NOTICE Execution time 0 0.00382 CONTEXT: {"_legacy":true}
2025-08-31T00:06:38+00:00 NOTICE Tokens Array
(
    [0] => hoa
)
 CONTEXT: {"_legacy":true}
2025-08-31T00:06:38+00:00 NOTICE Execution time 1 0.0202113 CONTEXT: {"_legacy":true}
2025-08-31T00:06:38+00:00 NOTICE Execution time 0.0227126 CONTEXT: {"_legacy":true}
2025-08-31T00:06:44+00:00 NOTICE Start search for bình hoa CONTEXT: {"_legacy":true}
2025-08-31T00:06:44+00:00 NOTICE Execution time 0 0.002092 CONTEXT: {"_legacy":true}
2025-08-31T00:06:44+00:00 NOTICE Tokens Array
(
    [0] => bình
    [1] => hoa
)
 CONTEXT: {"_legacy":true}
2025-08-31T00:06:44+00:00 NOTICE Execution time 1 0.0164793 CONTEXT: {"_legacy":true}
2025-08-31T00:06:44+00:00 NOTICE Execution time 0.0191806 CONTEXT: {"_legacy":true}
2025-08-31T00:06:44+00:00 NOTICE Start search for bình hoa CONTEXT: {"_legacy":true}
2025-08-31T00:06:44+00:00 NOTICE Execution time 0 0.0018055 CONTEXT: {"_legacy":true}
2025-08-31T00:06:44+00:00 NOTICE Tokens Array
(
    [0] => bình
    [1] => hoa
)
 CONTEXT: {"_legacy":true}
2025-08-31T00:06:44+00:00 NOTICE Execution time 1 0.0155556 CONTEXT: {"_legacy":true}
2025-08-31T00:06:44+00:00 NOTICE Execution time 0.0185671 CONTEXT: {"_legacy":true}
2025-08-31T00:09:58+00:00 NOTICE Start search for Tạp dề làm vườn CONTEXT: {"_legacy":true}
2025-08-31T00:09:58+00:00 NOTICE Execution time 0 0.0040697 CONTEXT: {"_legacy":true}
2025-08-31T00:09:58+00:00 NOTICE Tokens Array
(
    [0] => vườn
    [1] => tạp
    [2] => dề
    [3] => làm
)
 CONTEXT: {"_legacy":true}
2025-08-31T00:09:58+00:00 NOTICE Execution time 1 0.0258403 CONTEXT: {"_legacy":true}
2025-08-31T00:09:58+00:00 NOTICE Execution time 0.0287954 CONTEXT: {"_legacy":true}
2025-08-31T00:09:58+00:00 NOTICE Start search for Tạp dề làm vườn CONTEXT: {"_legacy":true}
2025-08-31T00:09:58+00:00 NOTICE Execution time 0 0.0020914 CONTEXT: {"_legacy":true}
2025-08-31T00:09:58+00:00 NOTICE Tokens Array
(
    [0] => vườn
    [1] => tạp
    [2] => dề
    [3] => làm
)
 CONTEXT: {"_legacy":true}
2025-08-31T00:09:58+00:00 NOTICE Execution time 1 0.018446 CONTEXT: {"_legacy":true}
2025-08-31T00:09:58+00:00 NOTICE Execution time 0.0212455 CONTEXT: {"_legacy":true}
2025-08-31T00:10:09+00:00 NOTICE Start search for Tạp dề làm vườn CONTEXT: {"_legacy":true}
2025-08-31T00:10:09+00:00 NOTICE Execution time 0 0.0035296 CONTEXT: {"_legacy":true}
2025-08-31T00:10:09+00:00 NOTICE Tokens Array
(
    [0] => vườn
    [1] => tạp
    [2] => dề
    [3] => làm
)
 CONTEXT: {"_legacy":true}
2025-08-31T00:10:09+00:00 NOTICE Execution time 1 0.0232004 CONTEXT: {"_legacy":true}
2025-08-31T00:10:09+00:00 NOTICE Execution time 0.0269879 CONTEXT: {"_legacy":true}
2025-08-31T00:11:02+00:00 NOTICE Start search for Tạp dề làm vườn CONTEXT: {"_legacy":true}
2025-08-31T00:11:02+00:00 NOTICE Execution time 0 0.0035175 CONTEXT: {"_legacy":true}
2025-08-31T00:11:02+00:00 NOTICE Tokens Array
(
    [0] => vườn
    [1] => tạp
    [2] => dề
    [3] => làm
)
 CONTEXT: {"_legacy":true}
2025-08-31T00:11:02+00:00 NOTICE Execution time 1 0.0160012 CONTEXT: {"_legacy":true}
2025-08-31T00:11:02+00:00 NOTICE Execution time 0.018956 CONTEXT: {"_legacy":true}
2025-08-31T00:11:02+00:00 NOTICE Start search for Tạp dề làm vườn CONTEXT: {"_legacy":true}
2025-08-31T00:11:02+00:00 NOTICE Execution time 0 0.0019742 CONTEXT: {"_legacy":true}
2025-08-31T00:11:02+00:00 NOTICE Tokens Array
(
    [0] => vườn
    [1] => tạp
    [2] => dề
    [3] => làm
)
 CONTEXT: {"_legacy":true}
2025-08-31T00:11:02+00:00 NOTICE Execution time 1 0.0135264 CONTEXT: {"_legacy":true}
2025-08-31T00:11:02+00:00 NOTICE Execution time 0.0163451 CONTEXT: {"_legacy":true}
2025-08-31T00:11:15+00:00 NOTICE Start search for Tạp dề làm vườn CONTEXT: {"_legacy":true}
2025-08-31T00:11:15+00:00 NOTICE Execution time 0 0.002197 CONTEXT: {"_legacy":true}
2025-08-31T00:11:15+00:00 NOTICE Tokens Array
(
    [0] => vườn
    [1] => tạp
    [2] => dề
    [3] => làm
)
 CONTEXT: {"_legacy":true}
2025-08-31T00:11:15+00:00 NOTICE Execution time 1 0.0185534 CONTEXT: {"_legacy":true}
2025-08-31T00:11:15+00:00 NOTICE Execution time 0.021485 CONTEXT: {"_legacy":true}
2025-08-31T00:11:16+00:00 NOTICE Start search for Tạp dề làm vườn CONTEXT: {"_legacy":true}
2025-08-31T00:11:16+00:00 NOTICE Execution time 0 0.003119 CONTEXT: {"_legacy":true}
2025-08-31T00:11:16+00:00 NOTICE Tokens Array
(
    [0] => vườn
    [1] => tạp
    [2] => dề
    [3] => làm
)
 CONTEXT: {"_legacy":true}
2025-08-31T00:11:16+00:00 NOTICE Execution time 1 0.0292123 CONTEXT: {"_legacy":true}
2025-08-31T00:11:16+00:00 NOTICE Execution time 0.0363501 CONTEXT: {"_legacy":true}
2025-08-31T00:11:27+00:00 NOTICE Start search for Tạp dề làm vườn CONTEXT: {"_legacy":true}
2025-08-31T00:11:27+00:00 NOTICE Execution time 0 0.002702 CONTEXT: {"_legacy":true}
2025-08-31T00:11:27+00:00 NOTICE Tokens Array
(
    [0] => vườn
    [1] => tạp
    [2] => dề
    [3] => làm
)
 CONTEXT: {"_legacy":true}
2025-08-31T00:11:27+00:00 NOTICE Execution time 1 0.0164608 CONTEXT: {"_legacy":true}
2025-08-31T00:11:27+00:00 NOTICE Execution time 0.0202819 CONTEXT: {"_legacy":true}
2025-08-31T00:11:28+00:00 NOTICE Start search for Tạp dề làm vườn CONTEXT: {"_legacy":true}
2025-08-31T00:11:28+00:00 NOTICE Execution time 0 0.0018404 CONTEXT: {"_legacy":true}
2025-08-31T00:11:28+00:00 NOTICE Tokens Array
(
    [0] => vườn
    [1] => tạp
    [2] => dề
    [3] => làm
)
 CONTEXT: {"_legacy":true}
2025-08-31T00:11:28+00:00 NOTICE Execution time 1 0.0154418 CONTEXT: {"_legacy":true}
2025-08-31T00:11:28+00:00 NOTICE Execution time 0.0184168 CONTEXT: {"_legacy":true}
2025-08-31T00:11:41+00:00 NOTICE Start search for Tạp dề làm vườn CONTEXT: {"_legacy":true}
2025-08-31T00:11:41+00:00 NOTICE Execution time 0 0.0046183 CONTEXT: {"_legacy":true}
2025-08-31T00:11:41+00:00 NOTICE Tokens Array
(
    [0] => vườn
    [1] => tạp
    [2] => dề
    [3] => làm
)
 CONTEXT: {"_legacy":true}
2025-08-31T00:11:41+00:00 NOTICE Execution time 1 0.0258893 CONTEXT: {"_legacy":true}
2025-08-31T00:11:41+00:00 NOTICE Execution time 0.0313331 CONTEXT: {"_legacy":true}
2025-08-31T00:11:42+00:00 NOTICE Start search for Tạp dề làm vườn CONTEXT: {"_legacy":true}
2025-08-31T00:11:42+00:00 NOTICE Execution time 0 0.0020508 CONTEXT: {"_legacy":true}
2025-08-31T00:11:42+00:00 NOTICE Tokens Array
(
    [0] => vườn
    [1] => tạp
    [2] => dề
    [3] => làm
)
 CONTEXT: {"_legacy":true}
2025-08-31T00:11:42+00:00 NOTICE Execution time 1 0.0154776 CONTEXT: {"_legacy":true}
2025-08-31T00:11:42+00:00 NOTICE Execution time 0.0183951 CONTEXT: {"_legacy":true}
2025-08-31T00:12:06+00:00 NOTICE Start search for Tạp dề làm vườn CONTEXT: {"_legacy":true}
2025-08-31T00:12:06+00:00 NOTICE Execution time 0 0.0054275 CONTEXT: {"_legacy":true}
2025-08-31T00:12:06+00:00 NOTICE Tokens Array
(
    [0] => vườn
    [1] => tạp
    [2] => dề
    [3] => làm
)
 CONTEXT: {"_legacy":true}
2025-08-31T00:12:06+00:00 NOTICE Execution time 1 0.02018 CONTEXT: {"_legacy":true}
2025-08-31T00:12:06+00:00 NOTICE Execution time 0.0230225 CONTEXT: {"_legacy":true}
2025-08-31T00:12:07+00:00 NOTICE Start search for Tạp dề làm vườn CONTEXT: {"_legacy":true}
2025-08-31T00:12:07+00:00 NOTICE Execution time 0 0.0023743 CONTEXT: {"_legacy":true}
2025-08-31T00:12:07+00:00 NOTICE Tokens Array
(
    [0] => vườn
    [1] => tạp
    [2] => dề
    [3] => làm
)
 CONTEXT: {"_legacy":true}
2025-08-31T00:12:07+00:00 NOTICE Execution time 1 0.0169172 CONTEXT: {"_legacy":true}
2025-08-31T00:12:07+00:00 NOTICE Execution time 0.0201287 CONTEXT: {"_legacy":true}
2025-08-31T00:12:19+00:00 NOTICE Start search for Tạp dề làm vườn CONTEXT: {"_legacy":true}
2025-08-31T00:12:19+00:00 NOTICE Execution time 0 0.0019605 CONTEXT: {"_legacy":true}
2025-08-31T00:12:19+00:00 NOTICE Tokens Array
(
    [0] => vườn
    [1] => tạp
    [2] => dề
    [3] => làm
)
 CONTEXT: {"_legacy":true}
2025-08-31T00:12:19+00:00 NOTICE Execution time 1 0.0156655 CONTEXT: {"_legacy":true}
2025-08-31T00:12:19+00:00 NOTICE Execution time 0.0185824 CONTEXT: {"_legacy":true}
2025-08-31T00:12:20+00:00 NOTICE Start search for Tạp dề làm vườn CONTEXT: {"_legacy":true}
2025-08-31T00:12:20+00:00 NOTICE Execution time 0 0.0025785 CONTEXT: {"_legacy":true}
2025-08-31T00:12:20+00:00 NOTICE Tokens Array
(
    [0] => vườn
    [1] => tạp
    [2] => dề
    [3] => làm
)
 CONTEXT: {"_legacy":true}
2025-08-31T00:12:20+00:00 NOTICE Execution time 1 0.0182517 CONTEXT: {"_legacy":true}
2025-08-31T00:12:20+00:00 NOTICE Execution time 0.021088 CONTEXT: {"_legacy":true}
2025-08-31T00:13:12+00:00 NOTICE Start search for Tạp dề làm vườn CONTEXT: {"_legacy":true}
2025-08-31T00:13:12+00:00 NOTICE Execution time 0 0.0021489 CONTEXT: {"_legacy":true}
2025-08-31T00:13:12+00:00 NOTICE Tokens Array
(
    [0] => vườn
    [1] => tạp
    [2] => dề
    [3] => làm
)
 CONTEXT: {"_legacy":true}
2025-08-31T00:13:12+00:00 NOTICE Execution time 1 0.0153343 CONTEXT: {"_legacy":true}
2025-08-31T00:13:12+00:00 NOTICE Execution time 0.0184862 CONTEXT: {"_legacy":true}
2025-08-31T00:13:13+00:00 NOTICE Start search for Tạp dề làm vườn CONTEXT: {"_legacy":true}
2025-08-31T00:13:13+00:00 NOTICE Execution time 0 0.0020732 CONTEXT: {"_legacy":true}
2025-08-31T00:13:13+00:00 NOTICE Tokens Array
(
    [0] => vườn
    [1] => tạp
    [2] => dề
    [3] => làm
)
 CONTEXT: {"_legacy":true}
2025-08-31T00:13:13+00:00 NOTICE Execution time 1 0.0161154 CONTEXT: {"_legacy":true}
2025-08-31T00:13:13+00:00 NOTICE Execution time 0.0189378 CONTEXT: {"_legacy":true}
2025-08-31T00:13:23+00:00 NOTICE Start search for Tạp dề làm vườn CONTEXT: {"_legacy":true}
2025-08-31T00:13:23+00:00 NOTICE Execution time 0 0.0024747 CONTEXT: {"_legacy":true}
2025-08-31T00:13:23+00:00 NOTICE Tokens Array
(
    [0] => vườn
    [1] => tạp
    [2] => dề
    [3] => làm
)
 CONTEXT: {"_legacy":true}
2025-08-31T00:13:23+00:00 NOTICE Execution time 1 0.0154094 CONTEXT: {"_legacy":true}
2025-08-31T00:13:23+00:00 NOTICE Execution time 0.0185429 CONTEXT: {"_legacy":true}
2025-08-31T00:13:24+00:00 NOTICE Start search for Tạp dề làm vườn CONTEXT: {"_legacy":true}
2025-08-31T00:13:24+00:00 NOTICE Execution time 0 0.002203 CONTEXT: {"_legacy":true}
2025-08-31T00:13:24+00:00 NOTICE Tokens Array
(
    [0] => vườn
    [1] => tạp
    [2] => dề
    [3] => làm
)
 CONTEXT: {"_legacy":true}
2025-08-31T00:13:24+00:00 NOTICE Execution time 1 0.0151241 CONTEXT: {"_legacy":true}
2025-08-31T00:13:24+00:00 NOTICE Execution time 0.018049 CONTEXT: {"_legacy":true}
2025-08-31T00:13:36+00:00 NOTICE Start search for Tạp dề làm vườn CONTEXT: {"_legacy":true}
2025-08-31T00:13:36+00:00 NOTICE Execution time 0 0.0021158 CONTEXT: {"_legacy":true}
2025-08-31T00:13:36+00:00 NOTICE Tokens Array
(
    [0] => vườn
    [1] => tạp
    [2] => dề
    [3] => làm
)
 CONTEXT: {"_legacy":true}
2025-08-31T00:13:36+00:00 NOTICE Execution time 1 0.0141161 CONTEXT: {"_legacy":true}
2025-08-31T00:13:36+00:00 NOTICE Execution time 0.0171835 CONTEXT: {"_legacy":true}
2025-08-31T00:13:37+00:00 NOTICE Start search for Tạp dề làm vườn CONTEXT: {"_legacy":true}
2025-08-31T00:13:37+00:00 NOTICE Execution time 0 0.0025343 CONTEXT: {"_legacy":true}
2025-08-31T00:13:37+00:00 NOTICE Tokens Array
(
    [0] => vườn
    [1] => tạp
    [2] => dề
    [3] => làm
)
 CONTEXT: {"_legacy":true}
2025-08-31T00:13:37+00:00 NOTICE Execution time 1 0.0169869 CONTEXT: {"_legacy":true}
2025-08-31T00:13:37+00:00 NOTICE Execution time 0.0215684 CONTEXT: {"_legacy":true}
2025-08-31T00:13:59+00:00 NOTICE Start search for Tạp dề làm vườn CONTEXT: {"_legacy":true}
2025-08-31T00:13:59+00:00 NOTICE Execution time 0 0.0049876 CONTEXT: {"_legacy":true}
2025-08-31T00:13:59+00:00 NOTICE Tokens Array
(
    [0] => vườn
    [1] => tạp
    [2] => dề
    [3] => làm
)
 CONTEXT: {"_legacy":true}
2025-08-31T00:13:59+00:00 NOTICE Execution time 1 0.0168459 CONTEXT: {"_legacy":true}
2025-08-31T00:13:59+00:00 NOTICE Execution time 0.0200479 CONTEXT: {"_legacy":true}
2025-08-31T00:14:00+00:00 NOTICE Start search for Tạp dề làm vườn CONTEXT: {"_legacy":true}
2025-08-31T00:14:00+00:00 NOTICE Execution time 0 0.0023848 CONTEXT: {"_legacy":true}
2025-08-31T00:14:00+00:00 NOTICE Tokens Array
(
    [0] => vườn
    [1] => tạp
    [2] => dề
    [3] => làm
)
 CONTEXT: {"_legacy":true}
2025-08-31T00:14:00+00:00 NOTICE Execution time 1 0.0149926 CONTEXT: {"_legacy":true}
2025-08-31T00:14:00+00:00 NOTICE Execution time 0.0183811 CONTEXT: {"_legacy":true}
2025-08-31T00:14:13+00:00 NOTICE Start search for Tạp dề làm vườn CONTEXT: {"_legacy":true}
2025-08-31T00:14:13+00:00 NOTICE Execution time 0 0.0020732 CONTEXT: {"_legacy":true}
2025-08-31T00:14:13+00:00 NOTICE Tokens Array
(
    [0] => vườn
    [1] => tạp
    [2] => dề
    [3] => làm
)
 CONTEXT: {"_legacy":true}
2025-08-31T00:14:13+00:00 NOTICE Execution time 1 0.0152764 CONTEXT: {"_legacy":true}
2025-08-31T00:14:13+00:00 NOTICE Execution time 0.0182246 CONTEXT: {"_legacy":true}
2025-08-31T00:14:14+00:00 NOTICE Start search for Tạp dề làm vườn CONTEXT: {"_legacy":true}
2025-08-31T00:14:14+00:00 NOTICE Execution time 0 0.0016791 CONTEXT: {"_legacy":true}
2025-08-31T00:14:14+00:00 NOTICE Tokens Array
(
    [0] => vườn
    [1] => tạp
    [2] => dề
    [3] => làm
)
 CONTEXT: {"_legacy":true}
2025-08-31T00:14:14+00:00 NOTICE Execution time 1 0.0116058 CONTEXT: {"_legacy":true}
2025-08-31T00:14:14+00:00 NOTICE Execution time 0.0145146 CONTEXT: {"_legacy":true}
2025-08-31T00:14:48+00:00 NOTICE Start search for Tạp dề làm vườn CONTEXT: {"_legacy":true}
2025-08-31T00:14:48+00:00 NOTICE Execution time 0 0.0043884 CONTEXT: {"_legacy":true}
2025-08-31T00:14:48+00:00 NOTICE Tokens Array
(
    [0] => vườn
    [1] => tạp
    [2] => dề
    [3] => làm
)
 CONTEXT: {"_legacy":true}
2025-08-31T00:14:48+00:00 NOTICE Execution time 1 0.0202278 CONTEXT: {"_legacy":true}
2025-08-31T00:14:48+00:00 NOTICE Execution time 0.023795 CONTEXT: {"_legacy":true}
2025-08-31T00:14:48+00:00 NOTICE Start search for Tạp dề làm vườn CONTEXT: {"_legacy":true}
2025-08-31T00:14:48+00:00 NOTICE Execution time 0 0.0024479 CONTEXT: {"_legacy":true}
2025-08-31T00:14:48+00:00 NOTICE Tokens Array
(
    [0] => vườn
    [1] => tạp
    [2] => dề
    [3] => làm
)
 CONTEXT: {"_legacy":true}
2025-08-31T00:14:48+00:00 NOTICE Execution time 1 0.0189335 CONTEXT: {"_legacy":true}
2025-08-31T00:14:48+00:00 NOTICE Execution time 0.0224731 CONTEXT: {"_legacy":true}
2025-08-31T00:14:55+00:00 NOTICE Start search for Tạp dề làm vườn CONTEXT: {"_legacy":true}
2025-08-31T00:14:55+00:00 NOTICE Execution time 0 0.0027525 CONTEXT: {"_legacy":true}
2025-08-31T00:14:55+00:00 NOTICE Tokens Array
(
    [0] => vườn
    [1] => tạp
    [2] => dề
    [3] => làm
)
 CONTEXT: {"_legacy":true}
2025-08-31T00:14:55+00:00 NOTICE Execution time 1 0.0208995 CONTEXT: {"_legacy":true}
2025-08-31T00:14:55+00:00 NOTICE Execution time 0.024245 CONTEXT: {"_legacy":true}
2025-08-31T00:14:56+00:00 NOTICE Start search for Tạp dề làm vườn CONTEXT: {"_legacy":true}
2025-08-31T00:14:56+00:00 NOTICE Execution time 0 0.0027173 CONTEXT: {"_legacy":true}
2025-08-31T00:14:56+00:00 NOTICE Tokens Array
(
    [0] => vườn
    [1] => tạp
    [2] => dề
    [3] => làm
)
 CONTEXT: {"_legacy":true}
2025-08-31T00:14:56+00:00 NOTICE Execution time 1 0.0180196 CONTEXT: {"_legacy":true}
2025-08-31T00:14:56+00:00 NOTICE Execution time 0.0212956 CONTEXT: {"_legacy":true}
2025-08-31T00:16:54+00:00 NOTICE Start search for Tạp dề làm vườn CONTEXT: {"_legacy":true}
2025-08-31T00:16:54+00:00 NOTICE Execution time 0 0.0027263 CONTEXT: {"_legacy":true}
2025-08-31T00:16:54+00:00 NOTICE Tokens Array
(
    [0] => vườn
    [1] => tạp
    [2] => dề
    [3] => làm
)
 CONTEXT: {"_legacy":true}
2025-08-31T00:16:54+00:00 NOTICE Execution time 1 0.0148709 CONTEXT: {"_legacy":true}
2025-08-31T00:16:54+00:00 NOTICE Execution time 0.0177535 CONTEXT: {"_legacy":true}
2025-08-31T00:16:54+00:00 NOTICE Start search for Tạp dề làm vườn CONTEXT: {"_legacy":true}
2025-08-31T00:16:54+00:00 NOTICE Execution time 0 0.0020435 CONTEXT: {"_legacy":true}
2025-08-31T00:16:54+00:00 NOTICE Tokens Array
(
    [0] => vườn
    [1] => tạp
    [2] => dề
    [3] => làm
)
 CONTEXT: {"_legacy":true}
2025-08-31T00:16:54+00:00 NOTICE Execution time 1 0.0166893 CONTEXT: {"_legacy":true}
2025-08-31T00:16:54+00:00 NOTICE Execution time 0.0197633 CONTEXT: {"_legacy":true}
2025-08-31T00:17:01+00:00 NOTICE Start search for Tạp dề làm vườn CONTEXT: {"_legacy":true}
2025-08-31T00:17:01+00:00 NOTICE Execution time 0 0.0019654 CONTEXT: {"_legacy":true}
2025-08-31T00:17:01+00:00 NOTICE Tokens Array
(
    [0] => vườn
    [1] => tạp
    [2] => dề
    [3] => làm
)
 CONTEXT: {"_legacy":true}
2025-08-31T00:17:01+00:00 NOTICE Execution time 1 0.0134314 CONTEXT: {"_legacy":true}
2025-08-31T00:17:01+00:00 NOTICE Execution time 0.016395 CONTEXT: {"_legacy":true}
2025-08-31T00:17:02+00:00 NOTICE Start search for Tạp dề làm vườn CONTEXT: {"_legacy":true}
2025-08-31T00:17:02+00:00 NOTICE Execution time 0 0.0019313 CONTEXT: {"_legacy":true}
2025-08-31T00:17:02+00:00 NOTICE Tokens Array
(
    [0] => vườn
    [1] => tạp
    [2] => dề
    [3] => làm
)
 CONTEXT: {"_legacy":true}
2025-08-31T00:17:02+00:00 NOTICE Execution time 1 0.016062 CONTEXT: {"_legacy":true}
2025-08-31T00:17:02+00:00 NOTICE Execution time 0.0195953 CONTEXT: {"_legacy":true}
2025-08-31T00:18:15+00:00 NOTICE Start search for Tạp dề làm vườn CONTEXT: {"_legacy":true}
2025-08-31T00:18:15+00:00 NOTICE Execution time 0 0.0029731 CONTEXT: {"_legacy":true}
2025-08-31T00:18:15+00:00 NOTICE Tokens Array
(
    [0] => vườn
    [1] => tạp
    [2] => dề
    [3] => làm
)
 CONTEXT: {"_legacy":true}
2025-08-31T00:18:15+00:00 NOTICE Execution time 1 0.0159813 CONTEXT: {"_legacy":true}
2025-08-31T00:18:15+00:00 NOTICE Execution time 0.0189935 CONTEXT: {"_legacy":true}
2025-08-31T00:18:16+00:00 NOTICE Start search for Tạp dề làm vườn CONTEXT: {"_legacy":true}
2025-08-31T00:18:16+00:00 NOTICE Execution time 0 0.0029155 CONTEXT: {"_legacy":true}
2025-08-31T00:18:16+00:00 NOTICE Tokens Array
(
    [0] => vườn
    [1] => tạp
    [2] => dề
    [3] => làm
)
 CONTEXT: {"_legacy":true}
2025-08-31T00:18:16+00:00 NOTICE Execution time 1 0.0154998 CONTEXT: {"_legacy":true}
2025-08-31T00:18:16+00:00 NOTICE Execution time 0.0187878 CONTEXT: {"_legacy":true}
2025-08-31T00:18:24+00:00 NOTICE Start search for Tạp dề làm vườn CONTEXT: {"_legacy":true}
2025-08-31T00:18:24+00:00 NOTICE Execution time 0 0.0029904 CONTEXT: {"_legacy":true}
2025-08-31T00:18:24+00:00 NOTICE Tokens Array
(
    [0] => vườn
    [1] => tạp
    [2] => dề
    [3] => làm
)
 CONTEXT: {"_legacy":true}
2025-08-31T00:18:24+00:00 NOTICE Execution time 1 0.0206919 CONTEXT: {"_legacy":true}
2025-08-31T00:18:24+00:00 NOTICE Execution time 0.0245128 CONTEXT: {"_legacy":true}
2025-08-31T00:18:24+00:00 NOTICE Start search for Tạp dề làm vườn CONTEXT: {"_legacy":true}
2025-08-31T00:18:24+00:00 NOTICE Execution time 0 0.0021166 CONTEXT: {"_legacy":true}
2025-08-31T00:18:24+00:00 NOTICE Tokens Array
(
    [0] => vườn
    [1] => tạp
    [2] => dề
    [3] => làm
)
 CONTEXT: {"_legacy":true}
2025-08-31T00:18:24+00:00 NOTICE Execution time 1 0.0168697 CONTEXT: {"_legacy":true}
2025-08-31T00:18:24+00:00 NOTICE Execution time 0.0197296 CONTEXT: {"_legacy":true}
2025-08-31T00:18:33+00:00 NOTICE Start search for Tạp dề làm vườn CONTEXT: {"_legacy":true}
2025-08-31T00:18:33+00:00 NOTICE Execution time 0 0.0022832 CONTEXT: {"_legacy":true}
2025-08-31T00:18:33+00:00 NOTICE Tokens Array
(
    [0] => vườn
    [1] => tạp
    [2] => dề
    [3] => làm
)
 CONTEXT: {"_legacy":true}
2025-08-31T00:18:33+00:00 NOTICE Execution time 1 0.0189717 CONTEXT: {"_legacy":true}
2025-08-31T00:18:33+00:00 NOTICE Execution time 0.0224422 CONTEXT: {"_legacy":true}
2025-08-31T00:18:33+00:00 NOTICE Start search for Tạp dề làm vườn CONTEXT: {"_legacy":true}
2025-08-31T00:18:33+00:00 NOTICE Execution time 0 0.0017632 CONTEXT: {"_legacy":true}
2025-08-31T00:18:33+00:00 NOTICE Tokens Array
(
    [0] => vườn
    [1] => tạp
    [2] => dề
    [3] => làm
)
 CONTEXT: {"_legacy":true}
2025-08-31T00:18:33+00:00 NOTICE Execution time 1 0.0139529 CONTEXT: {"_legacy":true}
2025-08-31T00:18:33+00:00 NOTICE Execution time 0.0168762 CONTEXT: {"_legacy":true}
2025-08-31T00:18:41+00:00 NOTICE Start search for Tạp dề làm vườn CONTEXT: {"_legacy":true}
2025-08-31T00:18:41+00:00 NOTICE Execution time 0 0.0020278 CONTEXT: {"_legacy":true}
2025-08-31T00:18:41+00:00 NOTICE Tokens Array
(
    [0] => vườn
    [1] => tạp
    [2] => dề
    [3] => làm
)
 CONTEXT: {"_legacy":true}
2025-08-31T00:18:41+00:00 NOTICE Execution time 1 0.0153878 CONTEXT: {"_legacy":true}
2025-08-31T00:18:41+00:00 NOTICE Execution time 0.0182578 CONTEXT: {"_legacy":true}
2025-08-31T00:18:45+00:00 NOTICE Start search for Tạp dề làm vườn CONTEXT: {"_legacy":true}
2025-08-31T00:18:45+00:00 NOTICE Execution time 0 0.002934 CONTEXT: {"_legacy":true}
2025-08-31T00:18:45+00:00 NOTICE Tokens Array
(
    [0] => vườn
    [1] => tạp
    [2] => dề
    [3] => làm
)
 CONTEXT: {"_legacy":true}
2025-08-31T00:18:45+00:00 NOTICE Execution time 1 0.0211148 CONTEXT: {"_legacy":true}
2025-08-31T00:18:45+00:00 NOTICE Execution time 0.0248362 CONTEXT: {"_legacy":true}
2025-08-31T00:18:46+00:00 NOTICE Start search for Tạp dề làm vườn CONTEXT: {"_legacy":true}
2025-08-31T00:18:46+00:00 NOTICE Execution time 0 0.0020278 CONTEXT: {"_legacy":true}
2025-08-31T00:18:46+00:00 NOTICE Tokens Array
(
    [0] => vườn
    [1] => tạp
    [2] => dề
    [3] => làm
)
 CONTEXT: {"_legacy":true}
2025-08-31T00:18:46+00:00 NOTICE Execution time 1 0.0159879 CONTEXT: {"_legacy":true}
2025-08-31T00:18:46+00:00 NOTICE Execution time 0.0190368 CONTEXT: {"_legacy":true}
2025-08-31T00:18:52+00:00 NOTICE Start search for Tạp dề làm vườn CONTEXT: {"_legacy":true}
2025-08-31T00:18:52+00:00 NOTICE Execution time 0 0.0033307 CONTEXT: {"_legacy":true}
2025-08-31T00:18:52+00:00 NOTICE Tokens Array
(
    [0] => vườn
    [1] => tạp
    [2] => dề
    [3] => làm
)
 CONTEXT: {"_legacy":true}
2025-08-31T00:18:52+00:00 NOTICE Execution time 1 0.0199318 CONTEXT: {"_legacy":true}
2025-08-31T00:18:52+00:00 NOTICE Execution time 0.0252248 CONTEXT: {"_legacy":true}
2025-08-31T00:18:52+00:00 NOTICE Start search for Tạp dề làm vườn CONTEXT: {"_legacy":true}
2025-08-31T00:18:52+00:00 NOTICE Execution time 0 0.002266 CONTEXT: {"_legacy":true}
2025-08-31T00:18:52+00:00 NOTICE Tokens Array
(
    [0] => vườn
    [1] => tạp
    [2] => dề
    [3] => làm
)
 CONTEXT: {"_legacy":true}
2025-08-31T00:18:52+00:00 NOTICE Execution time 1 0.015922 CONTEXT: {"_legacy":true}
2025-08-31T00:18:52+00:00 NOTICE Execution time 0.0189534 CONTEXT: {"_legacy":true}
2025-08-31T00:19:33+00:00 NOTICE Start search for Tạp dề làm vườn CONTEXT: {"_legacy":true}
2025-08-31T00:19:33+00:00 NOTICE Execution time 0 0.0064679 CONTEXT: {"_legacy":true}
2025-08-31T00:19:33+00:00 NOTICE Tokens Array
(
    [0] => vườn
    [1] => tạp
    [2] => dề
    [3] => làm
)
 CONTEXT: {"_legacy":true}
2025-08-31T00:19:33+00:00 NOTICE Execution time 1 0.0262949 CONTEXT: {"_legacy":true}
2025-08-31T00:19:33+00:00 NOTICE Execution time 0.0330866 CONTEXT: {"_legacy":true}
2025-08-31T00:19:40+00:00 NOTICE Start search for Tạp dề làm vườn CONTEXT: {"_legacy":true}
2025-08-31T00:19:40+00:00 NOTICE Execution time 0 0.0847783 CONTEXT: {"_legacy":true}
2025-08-31T00:19:40+00:00 NOTICE Tokens Array
(
    [0] => vườn
    [1] => tạp
    [2] => dề
    [3] => làm
)
 CONTEXT: {"_legacy":true}
2025-08-31T00:19:40+00:00 NOTICE Execution time 1 0.17439 CONTEXT: {"_legacy":true}
2025-08-31T00:19:40+00:00 NOTICE Execution time 0.1804051 CONTEXT: {"_legacy":true}
2025-08-31T00:19:40+00:00 NOTICE Start search for Tạp dề làm vườn CONTEXT: {"_legacy":true}
2025-08-31T00:19:40+00:00 NOTICE Execution time 0 0.0023487 CONTEXT: {"_legacy":true}
2025-08-31T00:19:40+00:00 NOTICE Tokens Array
(
    [0] => vườn
    [1] => tạp
    [2] => dề
    [3] => làm
)
 CONTEXT: {"_legacy":true}
2025-08-31T00:19:40+00:00 NOTICE Execution time 1 0.017293 CONTEXT: {"_legacy":true}
2025-08-31T00:19:40+00:00 NOTICE Execution time 0.0220994 CONTEXT: {"_legacy":true}
2025-08-31T00:20:21+00:00 NOTICE Start search for Tạp dề làm vườn CONTEXT: {"_legacy":true}
2025-08-31T00:20:21+00:00 NOTICE Execution time 0 0.0027602 CONTEXT: {"_legacy":true}
2025-08-31T00:20:21+00:00 NOTICE Tokens Array
(
    [0] => vườn
    [1] => tạp
    [2] => dề
    [3] => làm
)
 CONTEXT: {"_legacy":true}
2025-08-31T00:20:21+00:00 NOTICE Execution time 1 0.0166804 CONTEXT: {"_legacy":true}
2025-08-31T00:20:21+00:00 NOTICE Execution time 0.019527 CONTEXT: {"_legacy":true}
2025-08-31T00:20:22+00:00 NOTICE Start search for Tạp dề làm vườn CONTEXT: {"_legacy":true}
2025-08-31T00:20:22+00:00 NOTICE Execution time 0 0.002096 CONTEXT: {"_legacy":true}
2025-08-31T00:20:22+00:00 NOTICE Tokens Array
(
    [0] => vườn
    [1] => tạp
    [2] => dề
    [3] => làm
)
 CONTEXT: {"_legacy":true}
2025-08-31T00:20:22+00:00 NOTICE Execution time 1 0.0167385 CONTEXT: {"_legacy":true}
2025-08-31T00:20:22+00:00 NOTICE Execution time 0.01958 CONTEXT: {"_legacy":true}
2025-08-31T00:20:50+00:00 NOTICE Start search for Tạp dề làm vườn CONTEXT: {"_legacy":true}
2025-08-31T00:20:50+00:00 NOTICE Execution time 0 0.0022312 CONTEXT: {"_legacy":true}
2025-08-31T00:20:50+00:00 NOTICE Tokens Array
(
    [0] => vườn
    [1] => tạp
    [2] => dề
    [3] => làm
)
 CONTEXT: {"_legacy":true}
2025-08-31T00:20:50+00:00 NOTICE Execution time 1 0.0161305 CONTEXT: {"_legacy":true}
2025-08-31T00:20:50+00:00 NOTICE Execution time 0.0189726 CONTEXT: {"_legacy":true}
2025-08-31T00:20:50+00:00 NOTICE Start search for Tạp dề làm vườn CONTEXT: {"_legacy":true}
2025-08-31T00:20:50+00:00 NOTICE Execution time 0 0.0018619 CONTEXT: {"_legacy":true}
2025-08-31T00:20:50+00:00 NOTICE Tokens Array
(
    [0] => vườn
    [1] => tạp
    [2] => dề
    [3] => làm
)
 CONTEXT: {"_legacy":true}
2025-08-31T00:20:50+00:00 NOTICE Execution time 1 0.0145597 CONTEXT: {"_legacy":true}
2025-08-31T00:20:51+00:00 NOTICE Execution time 0.017676 CONTEXT: {"_legacy":true}
2025-08-31T00:22:29+00:00 NOTICE Start search for cây CONTEXT: {"_legacy":true}
2025-08-31T00:22:29+00:00 NOTICE Execution time 0 0.0026561 CONTEXT: {"_legacy":true}
2025-08-31T00:22:29+00:00 NOTICE Tokens Array
(
    [0] => cây
)
 CONTEXT: {"_legacy":true}
2025-08-31T00:22:29+00:00 NOTICE Execution time 1 0.1009582 CONTEXT: {"_legacy":true}
2025-08-31T00:22:30+00:00 NOTICE Execution time 0.1144903 CONTEXT: {"_legacy":true}
2025-08-31T00:22:39+00:00 NOTICE Start search for làm vườn CONTEXT: {"_legacy":true}
2025-08-31T00:22:39+00:00 NOTICE Execution time 0 0.0022892 CONTEXT: {"_legacy":true}
2025-08-31T00:22:39+00:00 NOTICE Tokens Array
(
    [0] => vườn
    [1] => làm
)
 CONTEXT: {"_legacy":true}
2025-08-31T00:22:39+00:00 NOTICE Execution time 1 0.0098607 CONTEXT: {"_legacy":true}
2025-08-31T00:22:39+00:00 NOTICE Execution time 0.0118574 CONTEXT: {"_legacy":true}
2025-08-31T00:27:17+00:00 NOTICE Start search for bình hoa CONTEXT: {"_legacy":true}
2025-08-31T00:27:17+00:00 NOTICE Execution time 0 0.0026111 CONTEXT: {"_legacy":true}
2025-08-31T00:27:17+00:00 NOTICE Tokens Array
(
    [0] => bình
    [1] => hoa
)
 CONTEXT: {"_legacy":true}
2025-08-31T00:27:17+00:00 NOTICE Execution time 1 0.0212881 CONTEXT: {"_legacy":true}
2025-08-31T00:27:17+00:00 NOTICE Execution time 0.024287 CONTEXT: {"_legacy":true}
2025-08-31T00:38:47+00:00 NOTICE Start search for Tạp dề làm vườn CONTEXT: {"_legacy":true}
2025-08-31T00:38:47+00:00 NOTICE Execution time 0 0.00483 CONTEXT: {"_legacy":true}
2025-08-31T00:38:47+00:00 NOTICE Tokens Array
(
    [0] => vườn
    [1] => tạp
    [2] => dề
    [3] => làm
)
 CONTEXT: {"_legacy":true}
2025-08-31T00:38:47+00:00 NOTICE Execution time 1 0.0274294 CONTEXT: {"_legacy":true}
2025-08-31T00:38:47+00:00 NOTICE Execution time 0.0304009 CONTEXT: {"_legacy":true}
2025-08-31T00:41:24+00:00 NOTICE Start search for Tạp dề làm vườn CONTEXT: {"_legacy":true}
2025-08-31T00:41:24+00:00 NOTICE Execution time 0 0.0045173 CONTEXT: {"_legacy":true}
2025-08-31T00:41:24+00:00 NOTICE Tokens Array
(
    [0] => vườn
    [1] => tạp
    [2] => dề
    [3] => làm
)
 CONTEXT: {"_legacy":true}
2025-08-31T00:41:24+00:00 NOTICE Execution time 1 0.020694 CONTEXT: {"_legacy":true}
2025-08-31T00:41:24+00:00 NOTICE Execution time 0.0241272 CONTEXT: {"_legacy":true}
2025-08-31T00:41:51+00:00 NOTICE Start search for Tạp dề làm vườn CONTEXT: {"_legacy":true}
2025-08-31T00:41:51+00:00 NOTICE Execution time 0 0.0023662 CONTEXT: {"_legacy":true}
2025-08-31T00:41:51+00:00 NOTICE Tokens Array
(
    [0] => vườn
    [1] => tạp
    [2] => dề
    [3] => làm
)
 CONTEXT: {"_legacy":true}
2025-08-31T00:41:51+00:00 NOTICE Execution time 1 0.0170443 CONTEXT: {"_legacy":true}
2025-08-31T00:41:51+00:00 NOTICE Execution time 0.0199283 CONTEXT: {"_legacy":true}
2025-08-31T00:43:09+00:00 NOTICE Start search for Tạp dề làm vườn CONTEXT: {"_legacy":true}
2025-08-31T00:43:09+00:00 NOTICE Execution time 0 0.0020637 CONTEXT: {"_legacy":true}
2025-08-31T00:43:09+00:00 NOTICE Tokens Array
(
    [0] => vườn
    [1] => tạp
    [2] => dề
    [3] => làm
)
 CONTEXT: {"_legacy":true}
2025-08-31T00:43:09+00:00 NOTICE Execution time 1 0.0211831 CONTEXT: {"_legacy":true}
2025-08-31T00:43:09+00:00 NOTICE Execution time 0.0241109 CONTEXT: {"_legacy":true}
2025-08-31T00:43:34+00:00 NOTICE Start search for Tạp dề làm vườn CONTEXT: {"_legacy":true}
2025-08-31T00:43:34+00:00 NOTICE Execution time 0 0.0019269 CONTEXT: {"_legacy":true}
2025-08-31T00:43:34+00:00 NOTICE Tokens Array
(
    [0] => vườn
    [1] => tạp
    [2] => dề
    [3] => làm
)
 CONTEXT: {"_legacy":true}
2025-08-31T00:43:34+00:00 NOTICE Execution time 1 0.0165415 CONTEXT: {"_legacy":true}
2025-08-31T00:43:34+00:00 NOTICE Execution time 0.0195693 CONTEXT: {"_legacy":true}
2025-08-31T01:05:02+00:00 NOTICE Start search for cây CONTEXT: {"_legacy":true}
2025-08-31T01:05:02+00:00 NOTICE Execution time 0 0.0045781 CONTEXT: {"_legacy":true}
2025-08-31T01:05:02+00:00 NOTICE Tokens Array
(
    [0] => cây
)
 CONTEXT: {"_legacy":true}
2025-08-31T01:05:02+00:00 NOTICE Execution time 1 0.0949132 CONTEXT: {"_legacy":true}
2025-08-31T01:05:02+00:00 NOTICE Execution time 0.109361 CONTEXT: {"_legacy":true}
2025-08-31T01:05:30+00:00 NOTICE Start search for Tạp dề làm vườn CONTEXT: {"_legacy":true}
2025-08-31T01:05:30+00:00 NOTICE Execution time 0 0.0026211 CONTEXT: {"_legacy":true}
2025-08-31T01:05:30+00:00 NOTICE Tokens Array
(
    [0] => vườn
    [1] => tạp
    [2] => dề
    [3] => làm
)
 CONTEXT: {"_legacy":true}
2025-08-31T01:05:30+00:00 NOTICE Execution time 1 0.0192255 CONTEXT: {"_legacy":true}
2025-08-31T01:05:30+00:00 NOTICE Execution time 0.0235002 CONTEXT: {"_legacy":true}
2025-08-31T01:05:30+00:00 NOTICE Start search for Tạp dề làm vườn CONTEXT: {"_legacy":true}
2025-08-31T01:05:30+00:00 NOTICE Execution time 0 0.0025154 CONTEXT: {"_legacy":true}
2025-08-31T01:05:30+00:00 NOTICE Tokens Array
(
    [0] => vườn
    [1] => tạp
    [2] => dề
    [3] => làm
)
 CONTEXT: {"_legacy":true}
2025-08-31T01:05:30+00:00 NOTICE Execution time 1 0.0171092 CONTEXT: {"_legacy":true}
2025-08-31T01:05:30+00:00 NOTICE Execution time 0.0199938 CONTEXT: {"_legacy":true}
2025-08-31T01:06:00+00:00 NOTICE Start search for Tạp dề làm vườn CONTEXT: {"_legacy":true}
2025-08-31T01:06:00+00:00 NOTICE Execution time 0 0.0021473 CONTEXT: {"_legacy":true}
2025-08-31T01:06:00+00:00 NOTICE Tokens Array
(
    [0] => vườn
    [1] => tạp
    [2] => dề
    [3] => làm
)
 CONTEXT: {"_legacy":true}
2025-08-31T01:06:00+00:00 NOTICE Execution time 1 0.0150619 CONTEXT: {"_legacy":true}
2025-08-31T01:06:00+00:00 NOTICE Execution time 0.0181203 CONTEXT: {"_legacy":true}
2025-08-31T01:06:01+00:00 NOTICE Start search for Tạp dề làm vườn CONTEXT: {"_legacy":true}
2025-08-31T01:06:01+00:00 NOTICE Execution time 0 0.0019792 CONTEXT: {"_legacy":true}
2025-08-31T01:06:01+00:00 NOTICE Tokens Array
(
    [0] => vườn
    [1] => tạp
    [2] => dề
    [3] => làm
)
 CONTEXT: {"_legacy":true}
2025-08-31T01:06:01+00:00 NOTICE Execution time 1 0.0132642 CONTEXT: {"_legacy":true}
2025-08-31T01:06:01+00:00 NOTICE Execution time 0.0162344 CONTEXT: {"_legacy":true}
2025-08-31T01:06:37+00:00 NOTICE Start search for Tạp dề làm vườn CONTEXT: {"_legacy":true}
2025-08-31T01:06:37+00:00 NOTICE Execution time 0 0.00337 CONTEXT: {"_legacy":true}
2025-08-31T01:06:37+00:00 NOTICE Tokens Array
(
    [0] => vườn
    [1] => tạp
    [2] => dề
    [3] => làm
)
 CONTEXT: {"_legacy":true}
2025-08-31T01:06:38+00:00 NOTICE Execution time 1 0.0172256 CONTEXT: {"_legacy":true}
2025-08-31T01:06:38+00:00 NOTICE Execution time 0.0203508 CONTEXT: {"_legacy":true}
2025-08-31T01:06:38+00:00 NOTICE Start search for Tạp dề làm vườn CONTEXT: {"_legacy":true}
2025-08-31T01:06:38+00:00 NOTICE Execution time 0 0.0018294 CONTEXT: {"_legacy":true}
2025-08-31T01:06:38+00:00 NOTICE Tokens Array
(
    [0] => vườn
    [1] => tạp
    [2] => dề
    [3] => làm
)
 CONTEXT: {"_legacy":true}
2025-08-31T01:06:38+00:00 NOTICE Execution time 1 0.0150007 CONTEXT: {"_legacy":true}
2025-08-31T01:06:38+00:00 NOTICE Execution time 0.0181149 CONTEXT: {"_legacy":true}
2025-08-31T01:07:08+00:00 NOTICE Start search for cây CONTEXT: {"_legacy":true}
2025-08-31T01:07:08+00:00 NOTICE Execution time 0 0.0022735 CONTEXT: {"_legacy":true}
2025-08-31T01:07:08+00:00 NOTICE Tokens Array
(
    [0] => cây
)
 CONTEXT: {"_legacy":true}
2025-08-31T01:07:08+00:00 NOTICE Execution time 1 0.1329283 CONTEXT: {"_legacy":true}
2025-08-31T01:07:08+00:00 NOTICE Execution time 0.1487799 CONTEXT: {"_legacy":true}
2025-08-31T01:07:09+00:00 NOTICE Start search for cây CONTEXT: {"_legacy":true}
2025-08-31T01:07:09+00:00 NOTICE Execution time 0 0.0020447 CONTEXT: {"_legacy":true}
2025-08-31T01:07:09+00:00 NOTICE Tokens Array
(
    [0] => cây
)
 CONTEXT: {"_legacy":true}
2025-08-31T01:07:09+00:00 NOTICE Execution time 1 0.0850895 CONTEXT: {"_legacy":true}
2025-08-31T01:07:09+00:00 NOTICE Execution time 0.0965284 CONTEXT: {"_legacy":true}
2025-08-31T01:07:21+00:00 NOTICE Start search for cây CONTEXT: {"_legacy":true}
2025-08-31T01:07:21+00:00 NOTICE Execution time 0 0.0035836 CONTEXT: {"_legacy":true}
2025-08-31T01:07:21+00:00 NOTICE Tokens Array
(
    [0] => cây
)
 CONTEXT: {"_legacy":true}
2025-08-31T01:07:21+00:00 NOTICE Execution time 1 0.0951276 CONTEXT: {"_legacy":true}
2025-08-31T01:07:21+00:00 NOTICE Execution time 0.1099933 CONTEXT: {"_legacy":true}
2025-08-31T01:07:21+00:00 NOTICE Start search for cây CONTEXT: {"_legacy":true}
2025-08-31T01:07:21+00:00 NOTICE Execution time 0 0.0023152 CONTEXT: {"_legacy":true}
2025-08-31T01:07:21+00:00 NOTICE Tokens Array
(
    [0] => cây
)
 CONTEXT: {"_legacy":true}
2025-08-31T01:07:21+00:00 NOTICE Execution time 1 0.0875224 CONTEXT: {"_legacy":true}
2025-08-31T01:07:21+00:00 NOTICE Execution time 0.099609 CONTEXT: {"_legacy":true}
2025-08-31T01:07:32+00:00 NOTICE Start search for cây CONTEXT: {"_legacy":true}
2025-08-31T01:07:32+00:00 NOTICE Execution time 0 0.0023077 CONTEXT: {"_legacy":true}
2025-08-31T01:07:32+00:00 NOTICE Tokens Array
(
    [0] => cây
)
 CONTEXT: {"_legacy":true}
2025-08-31T01:07:32+00:00 NOTICE Execution time 1 0.0913681 CONTEXT: {"_legacy":true}
2025-08-31T01:07:32+00:00 NOTICE Execution time 0.1034008 CONTEXT: {"_legacy":true}
2025-08-31T01:07:33+00:00 NOTICE Start search for cây CONTEXT: {"_legacy":true}
2025-08-31T01:07:33+00:00 NOTICE Execution time 0 0.0019045 CONTEXT: {"_legacy":true}
2025-08-31T01:07:33+00:00 NOTICE Tokens Array
(
    [0] => cây
)
 CONTEXT: {"_legacy":true}
2025-08-31T01:07:33+00:00 NOTICE Execution time 1 0.0821399 CONTEXT: {"_legacy":true}
2025-08-31T01:07:33+00:00 NOTICE Execution time 0.0942753 CONTEXT: {"_legacy":true}
2025-08-31T01:08:02+00:00 NOTICE Start search for cây CONTEXT: {"_legacy":true}
2025-08-31T01:08:02+00:00 NOTICE Execution time 0 0.0024757 CONTEXT: {"_legacy":true}
2025-08-31T01:08:02+00:00 NOTICE Tokens Array
(
    [0] => cây
)
 CONTEXT: {"_legacy":true}
2025-08-31T01:08:02+00:00 NOTICE Execution time 1 0.0859534 CONTEXT: {"_legacy":true}
2025-08-31T01:08:02+00:00 NOTICE Execution time 0.0992965 CONTEXT: {"_legacy":true}
2025-08-31T01:08:03+00:00 NOTICE Start search for cây CONTEXT: {"_legacy":true}
2025-08-31T01:08:03+00:00 NOTICE Execution time 0 0.0028506 CONTEXT: {"_legacy":true}
2025-08-31T01:08:03+00:00 NOTICE Tokens Array
(
    [0] => cây
)
 CONTEXT: {"_legacy":true}
2025-08-31T01:08:03+00:00 NOTICE Execution time 1 0.1095016 CONTEXT: {"_legacy":true}
2025-08-31T01:08:03+00:00 NOTICE Execution time 0.1236035 CONTEXT: {"_legacy":true}
2025-08-31T01:08:08+00:00 NOTICE Start search for Tạp dề làm vườn CONTEXT: {"_legacy":true}
2025-08-31T01:08:08+00:00 NOTICE Execution time 0 0.0019013 CONTEXT: {"_legacy":true}
2025-08-31T01:08:08+00:00 NOTICE Tokens Array
(
    [0] => vườn
    [1] => tạp
    [2] => dề
    [3] => làm
)
 CONTEXT: {"_legacy":true}
2025-08-31T01:08:08+00:00 NOTICE Execution time 1 0.0138106 CONTEXT: {"_legacy":true}
2025-08-31T01:08:08+00:00 NOTICE Execution time 0.0169201 CONTEXT: {"_legacy":true}
2025-08-31T01:08:08+00:00 NOTICE Start search for Tạp dề làm vườn CONTEXT: {"_legacy":true}
2025-08-31T01:08:08+00:00 NOTICE Execution time 0 0.0020419 CONTEXT: {"_legacy":true}
2025-08-31T01:08:08+00:00 NOTICE Tokens Array
(
    [0] => vườn
    [1] => tạp
    [2] => dề
    [3] => làm
)
 CONTEXT: {"_legacy":true}
2025-08-31T01:08:08+00:00 NOTICE Execution time 1 0.0144526 CONTEXT: {"_legacy":true}
2025-08-31T01:08:08+00:00 NOTICE Execution time 0.0177186 CONTEXT: {"_legacy":true}
2025-08-31T01:09:14+00:00 NOTICE Start search for Tạp dề làm vườn CONTEXT: {"_legacy":true}
2025-08-31T01:09:14+00:00 NOTICE Execution time 0 0.0038088 CONTEXT: {"_legacy":true}
2025-08-31T01:09:14+00:00 NOTICE Tokens Array
(
    [0] => vườn
    [1] => tạp
    [2] => dề
    [3] => làm
)
 CONTEXT: {"_legacy":true}
2025-08-31T01:09:14+00:00 NOTICE Execution time 1 0.0218652 CONTEXT: {"_legacy":true}
2025-08-31T01:09:14+00:00 NOTICE Execution time 0.0252008 CONTEXT: {"_legacy":true}
2025-08-31T01:09:14+00:00 NOTICE Start search for Tạp dề làm vườn CONTEXT: {"_legacy":true}
2025-08-31T01:09:14+00:00 NOTICE Execution time 0 0.0020141 CONTEXT: {"_legacy":true}
2025-08-31T01:09:14+00:00 NOTICE Tokens Array
(
    [0] => vườn
    [1] => tạp
    [2] => dề
    [3] => làm
)
 CONTEXT: {"_legacy":true}
2025-08-31T01:09:14+00:00 NOTICE Execution time 1 0.0153445 CONTEXT: {"_legacy":true}
2025-08-31T01:09:14+00:00 NOTICE Execution time 0.0183326 CONTEXT: {"_legacy":true}
2025-08-31T01:09:21+00:00 NOTICE Start search for Tạp dề làm vườn CONTEXT: {"_legacy":true}
2025-08-31T01:09:21+00:00 NOTICE Execution time 0 0.0022125 CONTEXT: {"_legacy":true}
2025-08-31T01:09:21+00:00 NOTICE Tokens Array
(
    [0] => vườn
    [1] => tạp
    [2] => dề
    [3] => làm
)
 CONTEXT: {"_legacy":true}
2025-08-31T01:09:21+00:00 NOTICE Execution time 1 0.0157999 CONTEXT: {"_legacy":true}
2025-08-31T01:09:21+00:00 NOTICE Execution time 0.0189769 CONTEXT: {"_legacy":true}
2025-08-31T01:10:23+00:00 NOTICE Start search for Tạp dề làm vườn CONTEXT: {"_legacy":true}
2025-08-31T01:10:23+00:00 NOTICE Execution time 0 0.0017875 CONTEXT: {"_legacy":true}
2025-08-31T01:10:23+00:00 NOTICE Tokens Array
(
    [0] => vườn
    [1] => tạp
    [2] => dề
    [3] => làm
)
 CONTEXT: {"_legacy":true}
2025-08-31T01:10:23+00:00 NOTICE Execution time 1 0.0159574 CONTEXT: {"_legacy":true}
2025-08-31T01:10:23+00:00 NOTICE Execution time 0.0191145 CONTEXT: {"_legacy":true}
2025-08-31T01:10:24+00:00 NOTICE Start search for Tạp dề làm vườn CONTEXT: {"_legacy":true}
2025-08-31T01:10:24+00:00 NOTICE Execution time 0 0.0018875 CONTEXT: {"_legacy":true}
2025-08-31T01:10:24+00:00 NOTICE Tokens Array
(
    [0] => vườn
    [1] => tạp
    [2] => dề
    [3] => làm
)
 CONTEXT: {"_legacy":true}
2025-08-31T01:10:24+00:00 NOTICE Execution time 1 0.0161596 CONTEXT: {"_legacy":true}
2025-08-31T01:10:24+00:00 NOTICE Execution time 0.0190485 CONTEXT: {"_legacy":true}
2025-08-31T01:10:59+00:00 NOTICE Start search for Tạp dề làm vườn CONTEXT: {"_legacy":true}
2025-08-31T01:10:59+00:00 NOTICE Execution time 0 0.0034389 CONTEXT: {"_legacy":true}
2025-08-31T01:10:59+00:00 NOTICE Tokens Array
(
    [0] => vườn
    [1] => tạp
    [2] => dề
    [3] => làm
)
 CONTEXT: {"_legacy":true}
2025-08-31T01:10:59+00:00 NOTICE Execution time 1 0.0306216 CONTEXT: {"_legacy":true}
2025-08-31T01:10:59+00:00 NOTICE Execution time 0.0359026 CONTEXT: {"_legacy":true}
2025-08-31T01:18:35+00:00 NOTICE Start search for Tạp dề làm vườn CONTEXT: {"_legacy":true}
2025-08-31T01:18:35+00:00 NOTICE Execution time 0 0.0035033 CONTEXT: {"_legacy":true}
2025-08-31T01:18:35+00:00 NOTICE Tokens Array
(
    [0] => vườn
    [1] => tạp
    [2] => dề
    [3] => làm
)
 CONTEXT: {"_legacy":true}
2025-08-31T01:18:35+00:00 NOTICE Execution time 1 0.0254342 CONTEXT: {"_legacy":true}
2025-08-31T01:18:35+00:00 NOTICE Execution time 0.0348677 CONTEXT: {"_legacy":true}
2025-08-31T02:59:14+00:00 NOTICE Start search for Tạp dề làm vườn CONTEXT: {"_legacy":true}
2025-08-31T02:59:15+00:00 NOTICE Execution time 0 0.0244454 CONTEXT: {"_legacy":true}
2025-08-31T02:59:15+00:00 NOTICE Tokens Array
(
    [0] => vườn
    [1] => tạp
    [2] => dề
    [3] => làm
)
 CONTEXT: {"_legacy":true}
2025-08-31T02:59:15+00:00 NOTICE Execution time 1 0.0846121 CONTEXT: {"_legacy":true}
2025-08-31T02:59:15+00:00 NOTICE Execution time 0.0931572 CONTEXT: {"_legacy":true}
2025-08-31T03:03:49+00:00 NOTICE Start search for Tạp dề làm vườn CONTEXT: {"_legacy":true}
2025-08-31T03:03:49+00:00 NOTICE Execution time 0 0.0073163 CONTEXT: {"_legacy":true}
2025-08-31T03:03:49+00:00 NOTICE Tokens Array
(
    [0] => vườn
    [1] => tạp
    [2] => dề
    [3] => làm
)
 CONTEXT: {"_legacy":true}
2025-08-31T03:03:49+00:00 NOTICE Execution time 1 0.0540194 CONTEXT: {"_legacy":true}
2025-08-31T03:03:49+00:00 NOTICE Execution time 0.0628612 CONTEXT: {"_legacy":true}
2025-08-31T03:09:06+00:00 NOTICE Start search for Tạp dề làm vườn CONTEXT: {"_legacy":true}
2025-08-31T03:09:06+00:00 NOTICE Execution time 0 0.0108249 CONTEXT: {"_legacy":true}
2025-08-31T03:09:06+00:00 NOTICE Tokens Array
(
    [0] => vườn
    [1] => tạp
    [2] => dề
    [3] => làm
)
 CONTEXT: {"_legacy":true}
2025-08-31T03:09:06+00:00 NOTICE Execution time 1 0.0533138 CONTEXT: {"_legacy":true}
2025-08-31T03:09:06+00:00 NOTICE Execution time 0.0608322 CONTEXT: {"_legacy":true}
2025-08-31T03:13:42+00:00 NOTICE Start search for Tạp dề làm vườn CONTEXT: {"_legacy":true}
2025-08-31T03:13:42+00:00 NOTICE Execution time 0 0.0094758 CONTEXT: {"_legacy":true}
2025-08-31T03:13:42+00:00 NOTICE Tokens Array
(
    [0] => vườn
    [1] => tạp
    [2] => dề
    [3] => làm
)
 CONTEXT: {"_legacy":true}
2025-08-31T03:13:42+00:00 NOTICE Execution time 1 0.0490408 CONTEXT: {"_legacy":true}
2025-08-31T03:13:42+00:00 NOTICE Execution time 0.0584019 CONTEXT: {"_legacy":true}
2025-08-31T03:14:15+00:00 NOTICE Start search for Tạp dề làm vườn CONTEXT: {"_legacy":true}
2025-08-31T03:14:15+00:00 NOTICE Execution time 0 0.0103124 CONTEXT: {"_legacy":true}
2025-08-31T03:14:15+00:00 NOTICE Tokens Array
(
    [0] => vườn
    [1] => tạp
    [2] => dề
    [3] => làm
)
 CONTEXT: {"_legacy":true}
2025-08-31T03:14:15+00:00 NOTICE Execution time 1 0.0529245 CONTEXT: {"_legacy":true}
2025-08-31T03:14:15+00:00 NOTICE Execution time 0.062243 CONTEXT: {"_legacy":true}
